diff "/srv/dev/aardvark/2001/THA/bang2001.STA" "/home/jcastellano/aardvark-ng/backups/years//2001/THA/bang2001.STA" |
11c11
< | OS  Femi Awowade         |   43   38 |  43  38 | 14.8 16.0 | 1958 +20 1978 |
---
> | OS  Femi Awowade :nga    |   43   38 |  43  38 | 14.8 16.0 | 1958 +20 1978 |

diff "/srv/dev/aardvark/2001/THA/bang2001.tou" "/home/jcastellano/aardvark-ng/backups/years//2001/THA/bang2001.tou" |
1c1
< *M01.07.2001 16th Brand's King's Cup 2001
---
> *M01.07.200116th Brand's King's Cup 2001

diff "/srv/dev/aardvark/2001/BHR/gst2001.STA" "/home/jcastellano/aardvark-ng/backups/years//2001/BHR/gst2001.STA" |
14c14
< | OS  Mahboob Khan         |  294  254 | 294 254 |  5.1  9.0 | 1428+148 1576 |
---
> | OS  Mahboob Khan :ksa    |  294  254 | 294 254 |  5.1  9.0 | 1428+148 1576 |

diff "/srv/dev/aardvark/1995/GBR/95wsc1.STA" "/home/jcastellano/aardvark-ng/backups/years//1995/GBR/95wsc1.STA" |
58c58
< | OS  Sam Orbaum           |   25   51 |  25  51 |  9.0  7.0 | 1900 -48 1852 |
---
> | OS  Sam Orbaum :isr      |   25   51 |  25  51 |  9.0  7.0 | 1900 -48 1852 |

diff "/srv/dev/aardvark/2016/IND/gailcp16.tou" "/home/jcastellano/aardvark-ng/backups/years//2016/IND/gailcp16.tou" |
2c2
< *A
---
> *
62c62
< *** END OF FILE ***
---
> *** END OF FILE ***
\ No newline at end of file

diff "/srv/dev/aardvark/2016/IND/igaterv2.tou" "/home/jcastellano/aardvark-ng/backups/years//2016/IND/igaterv2.tou" |
53c53
< Anthony Gomes        2417  30 2444 +49 2455 +13 2417  22 2462 +26  303   4  271 +10  362   5  353 +36 2350  12 2436 +54 2448  53  268  +1  284   6  319  +3  430  19 2376 +14 2429  40  272   8  393 +33 2419  20 2489 +21  332  14  396 +29 2368  42 2361 +18 2427  54  360 +51 2456  24  381  +8 2456  25 2427 +20  360  30 2386 +20 2411  14
---
> AntHony Gomes        2417  30 2444 +49 2455 +13 2417  22 2462 +26  303   4  271 +10  362   5  353 +36 2350  12 2436 +54 2448  53  268  +1  284   6  319  +3  430  19 2376 +14 2429  40  272   8  393 +33 2419  20 2489 +21  332  14  396 +29 2368  42 2361 +18 2427  54  360 +51 2456  24  381  +8 2456  25 2427 +20  360  30 2386 +20 2411  14
112c112
< *** END OF FILE ***
---
> *** END OF FILE ***
\ No newline at end of file

diff "/srv/dev/aardvark/2016/AUS/vicchp16.tou" "/home/jcastellano/aardvark-ng/backups/years//2016/AUS/vicchp16.tou" |
25c25
< Lois Binnie          2396 +17 2390  14  428 +11 2452  16  331 +13  283   3  362  +1 2428  30 2421 +14 2426  31  358  18  393 +29 2459  +3  319   1 2353  27 2455 +35  393  +4 2448  +1 2381  29 2427  14  380  +2  340   4 2392  +8  423 +26
---
> Lois Binnie @5       2396 +17 2390  14  428 +11 2452  16  331 +13  283   3  362  +1 2428  30 2421 +14 2426  31  358  18  393 +29 2459  +3  319   1 2353  27 2455 +35  393  +4 2448  +1 2381  29 2427  14  380  +2  340   4 2392  +8  423 +26
40c40
< *** END OF FILE ***
---
> *** END OF FILE ***
\ No newline at end of file

diff "/srv/dev/aardvark/2016/AUS/16aust.tou" "/home/jcastellano/aardvark-ng/backups/years//2016/AUS/16aust.tou" |
39c39
< Julie Brice          2460 +54  308   9  316  63  383 +20 2395  19 2445 +22  316  17  273  21  360 +45 2467  59 2425 +55 2387 +69  413  45 2491 +71 2497  35  394  12 2529 +26  392 +32  337 +74 2501 +42  376  66  334 +70 2493  39  335   5
---
> Julie Brice @40      2460 +54  308   9  316  63  383 +20 2395  19 2445 +22  316  17  273  21  360 +45 2467  59 2425 +55 2387 +69  413  45 2491 +71 2497  35  394  12 2529 +26  392 +32  337 +74 2501 +42  376  66  334 +70 2493  39  335   5
160c160
< *** END OF FILE ***
---
> *** END OF FILE ***
\ No newline at end of file

diff "/srv/dev/aardvark/1999/AUS/99geel2.STA" "/home/jcastellano/aardvark-ng/backups/years//1999/AUS/99geel2.STA" |
13c13
< | OS  Lester Schonbrun     |   70   71 |  70  71 |  2.7  4.0 | 1890 +30 1920 |
---
> | OS  Lester Schonbrun   s |   70   71 |  70  71 |  2.7  4.0 | 1890 +30 1920 |

diff "/srv/dev/aardvark/1999/BHR/99gulf.STA" "/home/jcastellano/aardvark-ng/backups/years//1999/BHR/99gulf.STA" |
11c11
< | OS  Selwyn Lobo          |   80   88 |  80  88 | 10.4  9.0 | 1875 -21 1854 |
---
> | OS  Selwyn Lobo :dub     |   80   88 |  80  88 | 10.4  9.0 | 1875 -21 1854 |

diff "/srv/dev/aardvark/1999/SGP/wsm99.STA" "/home/jcastellano/aardvark-ng/backups/years//1999/SGP/wsm99.STA" |
53c53
< |*OS  David Ng             |    0  163 |   0 163 | 10.7 12.0 | 1648 +38 1686 |
---
> |*OS  David  Ng            |    0  163 |   0 163 | 10.7 12.0 | 1648 +38 1686 |

diff "/srv/dev/aardvark/2014/AUS/csim2014.tou" "/home/jcastellano/aardvark-ng/backups/years//2014/AUS/csim2014.tou" |
2c2
< *A
---
> *

diff "/srv/dev/aardvark/2014/GHA/ghananig.tou" "/home/jcastellano/aardvark-ng/backups/years//2014/GHA/ghananig.tou" |
2c2
< *A
---
> *

diff "/srv/dev/aardvark/2000/THA/kcup0002.STA" "/home/jcastellano/aardvark-ng/backups/years//2000/THA/kcup0002.STA" |
33c33
< | OS  Femi Awowade         |   42   49 |  42  49 |  8.2  7.0 | 1977 -19 1958 |
---
> | OS  Femi Awowade :nga    |   42   49 |  42  49 |  8.2  7.0 | 1977 -19 1958 |

diff "/srv/dev/aardvark/2000/THA/kcup0001.STA" "/home/jcastellano/aardvark-ng/backups/years//2000/THA/kcup0001.STA" |
13c13
< | OS  Femi Awowade         |   45   42 |  45  42 |  7.7  8.0 | 1972  +5 1977 |
---
> | OS  Femi Awowade :nga    |   45   42 |  45  42 |  7.7  8.0 | 1972  +5 1977 |

diff "/srv/dev/aardvark/2000/BHR/gst2.STA" "/home/jcastellano/aardvark-ng/backups/years//2000/BHR/gst2.STA" |
8c8
< | OS  Selwyn Lobo          |  116  116 | 116 116 | 10.2 10.0 | 1826  +1 1827 |
---
> | OS  Selwyn Lobo :dub     |  116  116 | 116 116 | 10.2 10.0 | 1826  +1 1827 |

diff "/srv/dev/aardvark/2000/SGP/sso2000.STA" "/home/jcastellano/aardvark-ng/backups/years//2000/SGP/sso2000.STA" |
6c6
< | OS  Femi Awowade         |   29   26 |  29  26 | 10.8 11.0 | 1994  +3 1997 |
---
> | OS  Femi Awowade :nga    |   29   26 |  29  26 | 10.8 11.0 | 1994  +3 1997 |

diff "/srv/dev/aardvark/2005/MYS/cw05rat.tou" "/home/jcastellano/aardvark-ng/backups/years//2005/MYS/cw05rat.tou" |
38,82c38,82
< Kum Zi Peng          2414  24 2399   8  367  37  369   4  404   9  348  22 2475  27  420  41 2421  30 2357  20 2508  19 2384  13 2424  21  371  11 2425  21 2400  37  379   2 2420  29 2428  38  424  37  
< Kong Chock Heng      2382  25 2387  17  436  29 2425  22 2447  12 2464   7 2410   3 2474  10  311  38 2426  15  372   4 2370   9  327   3 2496  10  409   3  312  10 2397   1 2397   4 2422  15 2384   4   
< Shim Yen Nee         2604  26 2434  13 2486  12 2447   7 2388  29 2437  10  329   2 2466  11 2409   4 2435  38 2457   6 2398  37 2380   2 2456  38 2430   2 2364  38  370  10  367  10  382  10  337  10  
< Chim Wai Main        2403  27  292   7 2422  43 2441   1 2422  16  315  29 2400  21 2414  37  366   3 2473  17 2445   2  349  38  388  37 2409   6 2399  13 2460  15 2456  38  313   2 1434  37  339   2   
< Tengku Asri          2414  28  364  11 2378  19 2457  30  391   7 2453  20 2436  38  332  29  364  10  385  26  355  13 2434  16  433  20 2482  30 2420  14 2411  28  399   8 2486  13  349   8  366  13  
< Seshi Ramanathan      302  29  347  15 2411  28 2483  32  381  21 2408  27 2397   8 2400   9 2538  23 2513   7  347   3  305  10 2435  17  395   4  343   9  300  24  374  16  323  20 2384  28 2417  26  
< Jessie Lim           2365  30 2449   4 2433  21  416   3 2400   5  323   2 2376  40  360  38 2416  12  374   6  328   9 2534  26  350   9 2346  24 2333  22  379   9 2378  24  335  11  341  29 2325  24  
< Karthik Natarajan    2436  31  358   1 2469  32 2423  21  399  38  301  15  376   6 2438  39 2453  16  286  11 2492  22 2530  24  391  11  406  13 2435  42 2472  13 2412   5  361  37 2381   5 2378  21  
< Ismail Kassim        2381  32 2486  23  400  11  284  10 2425   1  268  17 2472  45  357   6 2438  41 2408  25 2450   7  251   2 2523   7  368  15 2363   6 2385   7  336  37 2423  23  388  11 2483  22  
< Liew Kian Boon       2349  33  392  37 2521  17 2521   9 2384  11  374   3 2395  15  307   2 2451   5 2485  29  342  38 2414   6 2412  15  357   2 2473  11 2436   2 2412   3 2461   3 2439   3 2405   3   
< Dorai Raja           2457  34 2429   5 2413   9 2406  16  380  10  408  38 2515  17  346   3  413  15 2469   8  328  29 2488  23 2403   8 2421   1  308  10 2479  29  269  15 2357   7 2508   9  398  15  
< Jerry Jang           2361  35 2497  20  330   3    0  12  300   2  409  40 2422  22 2416  16  280   7  368  23 2445  25  324  21  303  22 2407  31 2473  41  342  21 2445  28  306  21 2399  26 2387  17  
< Yeap Gim Sai         2543  36  323   3  334  24 2464  23    0  13 2487  37  453  29  339  15  454  19 2445  14 2431   5  326   1 2454  23 2446   8  286   4  286   8 2508  20  339   5 2431  18 2411   5   
< Lim Sha-Lyn           274  37 2400  33  327  38  290  19  370  27 2615  35 2358  28  303  23 2484  31  242  13 2452  45  305  17 2390  31 2416  23  328   5  300  20  304  39 2394  27 2496  42 2400  16  
< Gan Yi En             403  38 2355   6  336  23 2537  41 2374  22 2463   8  323  10 2403  13 2434  11  365   2 2443  26 2445  29  349  10 2407   9 2450  29  410   4 2483  11 2493  38  360   2 2444  11  
< Ng Chee Eng          2338  39 2516  44 2384  18  321  11  340   4  339  21 2401  20  383  12  260   8  316  22 2391  28  339   5 2492  44  378  28 2408  30 2453  40 2447   6  311  24  359  20  396  14  
< Manickam Ganapathy   2374  40  336   2  357  10 2415  33 2453  25 2480   9  301  11 2470  43 2387  26  322   4  312  23 2343  14  339   6  376  42  315  23 2379  41  373  42 2469  30 2423  41  334  12  
< Peter Tay            2472  41 2441  22  340  16    0  18    0  18 2482  45 2458  26 2357  40  370  29  416  37  321  24  356  20  393  28 2528  27  345  40 2489  32 2437  34 2513  42  284  13 2471  23  
< Paulette Yeoh         389  42 2389  39  348   5 2400  14  374  40 2523  24  369  37 2433  20 2456  13  358  21  360   1  358  22 2376  27 2339  40  317  24 2352  25  434  26 2403  28 2483  25  339  20  
< Martin Teo           2482  43  288  12  345  22 2453  39 2431  24  362   5  372  16  432  19 2380  28  333   1 2419  41 2417  18 2459   5  350  21  370  28 2413  14  273  13 2504   6 2360  16 2412  19  
< Michael Wong         2357  44 2486  42  309   7  296   8 2497   6 2356  16  374   4  388  26 2475  40 2417  19  382  37 2468  12  289   1 2401  20  287   1 2414  12  346  29 2476  12 2443  24  335   8   
< Sandy Tsen           2458  45  336  18 2398  20  286   2  352  15 2419   1  420  12  361  24 2376  39 2407  16  310   8 2362  19 2427  12 2461  26  272   7 2423  26  388  23 2437  26 2368  23  293   9   
< Adele Tan               0  23  331   9 2347  15  353  13  390  45 2417  25 2347  39 2401  14  390   6 2409  12 2371  17  377  11  413  13  319  14 2410  17 2421  42 2464  22  297   9  350  22  370  18  
< William Kang          383   1 2422  31 2383  13  344  38  303  20  370  19 2454  44 2389  22  352  37 2523  40 2448  18  343   8 2331  40  300   7 2405  19 2344   6  346   7 2427  16  341  21  302   7   
< Valliammah Thamb      297   2 2373  40 2383  34  348  26  356  17  285  23 2378  42 2468  45 2468  43  310   9  348  12  339  39 2415  33 2417  39  343  26  285  19 2501  40 2495  39  358  19 2434  39  
< Shanthikumar Subra    300   3 2421  36 2400  42 2423  25  395  37 2453  30  453  18 2440  21  380  17 2428   5  378  15  337   7 2389  34  393  22 2421  25  360  22 2465  19  404  22  333  12  411   6   
< Ruby Sim              336   4  316  30  347  40    0  27 2405  14  331   6  305   1  378  44 2432  36  340  39 2463  35 2393  32  366  19  313  18 2337  43  352  30 2424  43  387  14 2464  40  350  28  
< Catherine Tong        308   5  306  34  360   6  373  31 2444  36 2394  42  307  14 2443  32  291  20 2457  43  255  16    0  28 2459  18 2440  16 2381  20  323   5  327  12  299  19  332   6 2367  27  
< Leroy Ong            2448   6 2402  38 2437   2 2525  37  293   3 2444   4 2472  13 2454   5 2398  18  373  10 2438  11  342  15  371  38  336  37  345  15  453  11 2409  21  276   1 2424   7 2344  38  
< Dinna Lim             298   7 2368  27 2476  41  222   5 2418  42  338  26  349  43  400  31  300   1 2387  35  348  40 2465  36 2488  43  252   5  293  16 2358  27 2329  31  256  17  372  44 2427  33  
< Nigel Loh Boon Ee     388   8  221  24  305  45 2398  28 2422  41  297  43 2479  35 2414  30  341  14 2379  34  331  42 2430  33  383  14  327  12  349  39 2317  33  292  30 2420  40  265  39 2407  45  
< Prabhsimran Singh     324   9    0  32  363   8  329   6  329  43  304  44 2679  36  290  28 2361  35  383  45  345  33  270  27 2368  35 2381  36 2404  33  378  18  245  33 2437  36  248  33 2302  36  
< Othman Zakaria        289  10  271  14 2379  44  404  17  300  39  313  41    0  33 2379  35  352  34 2372  36 2457  32  294  31  246  25 2386  45  361  32  244  31 2389  32  346  44 2374  32  335  30  
< Ian Tay Zhi Xian      336  11 2375  28  381  25  259  40 2352  44  331  39  286  41 2420  36 2411  33  360  31    0  34 2432  45  247  26  352  41 2446  44 2379  39  306  18  352  41 1384  43 2435  42  
< Lloyd Lim Xinn Liang  178  12  238  43 2365  36  246  42    0  35  183  14  242  31  330  33  306  32  241  30  283  27  217  44  183  32    0  35  105  45    0  35  385  45    0  35  364  45    0  35
< Leon Lim Yung Liang   192  13  281  26  357  35  222  44  321  28    0  36  414  32  379  34  310  27  312  33  203  43  226  30    0  36  290  32    0  36  222  43    0  36  352  32    0  36  291  32  
< Joshua Sng           2332  14 2417  10 2401   1  300  29 2440  26  404  13 2404  19  362   4 2408  24 2436  18 2384  21  348   3 2422   4 2394  29  382  38  291   1 2454   9 2398   8 1434   4 2426   1   
< Lim Li Wei           2560  15  392  29 2382  14 2346  24 2519   8 2453  11  412   5 2429   7 2530   2  236   3 2430  10 2447   4 2381  29  384   3 2411  37  348   3  419   4  309  15  370   1  311  29  
< Sharifah Nurul        325  16  304  19    0  39  293  20 2400  33 2389  34  306  23  275   8  371  22 2387  27 2416  44 2416  25  398  42  359  25 2389  31  361  34 2342  14  339  25 2518  31  325  25  
< Brian Lim Daqing      282  17  336  25 2388  27 2454  34 2395  19 2432  12  335   7  331  18  304  21  401  24 2418  30 2517  41  325  24  311  19 2433  18  262  16  385  25  402  31  406  27 2368  43  
< Cheah Kuan Xu         298  18 2492  45  378  30  276  15  416  31 2463  33 2478  34 2457   1  334   9 2425  42  352  20  342  40 2401  45 2474  34  228  12  304  17 2378  44 2430  34  289  17 2395  44  
< Ching San Song       2420  19  281  21  300  26 2359  35  299  30  273  28  344  25    0  42 2528  44  394  41 2435  31 2417  43 2404  39 2496  17  277   8  280  23 2465  17  237  18  293  14  355  34  
< Leroy Tan Yong King   210  20 2447  35  272   4  342  45 2359  32 2444  31 2416  30  319  17  294  25  306  28 2591  36  413  42  295  30  370  44  293  27 2630  36  330  27 2392  45 1384  34  266  40  
< Lim Seng Chye         336  21  295  16  307  33 2406  36  265  34 2398  32  269  24 2432  27  284  42    0  44  340  39 2532  35  285  16 2390  43  328  34 2504  45  334  41 2425  33 2394  30  371  41  
< Vinesh Nair           287  22  350  41 2367  31 2389  43 2399  23  307  18  259   9  268  25    0  45 2409  32  317  14  291  34  381  41  383  33 2446  35  415  44 2430  35  364  43 2378  35  374  31  
---
> Kum Zi Peng          2414  24 2399   8  367  37  369   4  404   9  348  22 2475  27  420  41 2421  30 2357  20 2508  19 2384  13 2424  21  371  11 2425  21 2400  37  379   2 2420  29 2428  38  424  37
> Kong Chock Heng      2382  25 2387  17  436  29 2425  22 2447  12 2464   7 2410   3 2474  10  311  38 2426  15  372   4 2370   9  327   3 2496  10  409   3  312  10 2397   1 2397   4 2422  15 2384   4
> Shim Yen Nee         2604  26 2434  13 2486  12 2447   7 2388  29 2437  10  329   2 2466  11 2409   4 2435  38 2457   6 2398  37 2380   2 2456  38 2430   2 2364  38  370  10  367  10  382  10  337  10
> Chim Wai Main        2403  27  292   7 2422  43 2441   1 2422  16  315  29 2400  21 2414  37  366   3 2473  17 2445   2  349  38  388  37 2409   6 2399  13 2460  15 2456  38  313   2 1434  37  339   2
> Tengku Asri          2414  28  364  11 2378  19 2457  30  391   7 2453  20 2436  38  332  29  364  10  385  26  355  13 2434  16  433  20 2482  30 2420  14 2411  28  399   8 2486  13  349   8  366  13
> Seshi Ramanathan      302  29  347  15 2411  28 2483  32  381  21 2408  27 2397   8 2400   9 2538  23 2513   7  347   3  305  10 2435  17  395   4  343   9  300  24  374  16  323  20 2384  28 2417  26
> Jessie Lim           2365  30 2449   4 2433  21  416   3 2400   5  323   2 2376  40  360  38 2416  12  374   6  328   9 2534  26  350   9 2346  24 2333  22  379   9 2378  24  335  11  341  29 2325  24
> Karthik Natarajan    2436  31  358   1 2469  32 2423  21  399  38  301  15  376   6 2438  39 2453  16  286  11 2492  22 2530  24  391  11  406  13 2435  42 2472  13 2412   5  361  37 2381   5 2378  21
> Ismail Kassim        2381  32 2486  23  400  11  284  10 2425   1  268  17 2472  45  357   6 2438  41 2408  25 2450   7  251   2 2523   7  368  15 2363   6 2385   7  336  37 2423  23  388  11 2483  22
> Liew Kian Boon       2349  33  392  37 2521  17 2521   9 2384  11  374   3 2395  15  307   2 2451   5 2485  29  342  38 2414   6 2412  15  357   2 2473  11 2436   2 2412   3 2461   3 2439   3 2405   3
> Dorai Raja           2457  34 2429   5 2413   9 2406  16  380  10  408  38 2515  17  346   3  413  15 2469   8  328  29 2488  23 2403   8 2421   1  308  10 2479  29  269  15 2357   7 2508   9  398  15
> Jerry Jang           2361  35 2497  20  330   3  300   2  409  40 2422  22 2416  16  280   7  368  23 2445  25  324  21  303  22 2407  31 2473  41  342  21 2445  28  306  21 2399  26 2387  17
> Yeap Gim Sai         2543  36  323   3  334  24 2464  23 2487  37  453  29  339  15  454  19 2445  14 2431   5  326   1 2454  23 2446   8  286   4  286   8 2508  20  339   5 2431  18 2411   5
> Lim Sha-Lyn           274  37 2400  33  327  38  290  19  370  27 2615  35 2358  28  303  23 2484  31  242  13 2452  45  305  17 2390  31 2416  23  328   5  300  20  304  39 2394  27 2496  42 2400  16
> Gan Yi En             403  38 2355   6  336  23 2537  41 2374  22 2463   8  323  10 2403  13 2434  11  365   2 2443  26 2445  29  349  10 2407   9 2450  29  410   4 2483  11 2493  38  360   2 2444  11
> Ng Chee Eng          2338  39 2516  44 2384  18  321  11  340   4  339  21 2401  20  383  12  260   8  316  22 2391  28  339   5 2492  44  378  28 2408  30 2453  40 2447   6  311  24  359  20  396  14
> Manickam Ganapathy   2374  40  336   2  357  10 2415  33 2453  25 2480   9  301  11 2470  43 2387  26  322   4  312  23 2343  14  339   6  376  42  315  23 2379  41  373  42 2469  30 2423  41  334  12
> Peter Tay            2472  41 2441  22  340  16 2482  45 2458  26 2357  40  370  29  416  37  321  24  356  20  393  28 2528  27  345  40 2489  32 2437  34 2513  42  284  13 2471  23
> Paulette Yeoh         389  42 2389  39  348   5 2400  14  374  40 2523  24  369  37 2433  20 2456  13  358  21  360   1  358  22 2376  27 2339  40  317  24 2352  25  434  26 2403  28 2483  25  339  20
> Martin Teo           2482  43  288  12  345  22 2453  39 2431  24  362   5  372  16  432  19 2380  28  333   1 2419  41 2417  18 2459   5  350  21  370  28 2413  14  273  13 2504   6 2360  16 2412  19
> Michael Wong         2357  44 2486  42  309   7  296   8 2497   6 2356  16  374   4  388  26 2475  40 2417  19  382  37 2468  12  289   1 2401  20  287   1 2414  12  346  29 2476  12 2443  24  335   8
> Sandy Tsen           2458  45  336  18 2398  20  286   2  352  15 2419   1  420  12  361  24 2376  39 2407  16  310   8 2362  19 2427  12 2461  26  272   7 2423  26  388  23 2437  26 2368  23  293   9
> Adele Tan             331   9 2347  15  353  13  390  45 2417  25 2347  39 2401  14  390   6 2409  12 2371  17  377  11  413  13  319  14 2410  17 2421  42 2464  22  297   9  350  22  370  18
> William Kang          383   1 2422  31 2383  13  344  38  303  20  370  19 2454  44 2389  22  352  37 2523  40 2448  18  343   8 2331  40  300   7 2405  19 2344   6  346   7 2427  16  341  21  302   7
> Valliammah Thamb      297   2 2373  40 2383  34  348  26  356  17  285  23 2378  42 2468  45 2468  43  310   9  348  12  339  39 2415  33 2417  39  343  26  285  19 2501  40 2495  39  358  19 2434  39
> Shanthikumar Subra    300   3 2421  36 2400  42 2423  25  395  37 2453  30  453  18 2440  21  380  17 2428   5  378  15  337   7 2389  34  393  22 2421  25  360  22 2465  19  404  22  333  12  411   6
> Ruby Sim              336   4  316  30  347  40 2405  14  331   6  305   1  378  44 2432  36  340  39 2463  35 2393  32  366  19  313  18 2337  43  352  30 2424  43  387  14 2464  40  350  28
> Catherine Tong        308   5  306  34  360   6  373  31 2444  36 2394  42  307  14 2443  32  291  20 2457  43  255  16 2459  18 2440  16 2381  20  323   5  327  12  299  19  332   6 2367  27
> Leroy Ong            2448   6 2402  38 2437   2 2525  37  293   3 2444   4 2472  13 2454   5 2398  18  373  10 2438  11  342  15  371  38  336  37  345  15  453  11 2409  21  276   1 2424   7 2344  38
> Dinna Lim             298   7 2368  27 2476  41  222   5 2418  42  338  26  349  43  400  31  300   1 2387  35  348  40 2465  36 2488  43  252   5  293  16 2358  27 2329  31  256  17  372  44 2427  33
> Nigel Loh Boon Ee     388   8  221  24  305  45 2398  28 2422  41  297  43 2479  35 2414  30  341  14 2379  34  331  42 2430  33  383  14  327  12  349  39 2317  33  292  30 2420  40  265  39 2407  45
> Prabhsimran Singh     324   9  363   8  329   6  329  43  304  44 2679  36  290  28 2361  35  383  45  345  33  270  27 2368  35 2381  36 2404  33  378  18  245  33 2437  36  248  33 2302  36
> Othman Zakaria        289  10  271  14 2379  44  404  17  300  39  313  41 2379  35  352  34 2372  36 2457  32  294  31  246  25 2386  45  361  32  244  31 2389  32  346  44 2374  32  335  30
> Ian Tay Zhi Xian      336  11 2375  28  381  25  259  40 2352  44  331  39  286  41 2420  36 2411  33  360  31 2432  45  247  26  352  41 2446  44 2379  39  306  18  352  41 1384  43 2435  42
> Lloyd Lim Xinn Liang  178  12  238  43 2365  36  246  42  183  14  242  31  330  33  306  32  241  30  283  27  217  44  183  32  105  45  385  45  364  45
> Leon Lim Yung Liang   192  13  281  26  357  35  222  44  321  28  414  32  379  34  310  27  312  33  203  43  226  30  290  32  222  43  352  32  291  32
> Joshua Sng           2332  14 2417  10 2401   1  300  29 2440  26  404  13 2404  19  362   4 2408  24 2436  18 2384  21  348   3 2422   4 2394  29  382  38  291   1 2454   9 2398   8 1434   4 2426   1
> Lim Li Wei           2560  15  392  29 2382  14 2346  24 2519   8 2453  11  412   5 2429   7 2530   2  236   3 2430  10 2447   4 2381  29  384   3 2411  37  348   3  419   4  309  15  370   1  311  29
> Sharifah Nurul        325  16  304  19  293  20 2400  33 2389  34  306  23  275   8  371  22 2387  27 2416  44 2416  25  398  42  359  25 2389  31  361  34 2342  14  339  25 2518  31  325  25
> Brian Lim Daqing      282  17  336  25 2388  27 2454  34 2395  19 2432  12  335   7  331  18  304  21  401  24 2418  30 2517  41  325  24  311  19 2433  18  262  16  385  25  402  31  406  27 2368  43
> Cheah Kuan Xu         298  18 2492  45  378  30  276  15  416  31 2463  33 2478  34 2457   1  334   9 2425  42  352  20  342  40 2401  45 2474  34  228  12  304  17 2378  44 2430  34  289  17 2395  44
> Ching San Song       2420  19  281  21  300  26 2359  35  299  30  273  28  344  25 2528  44  394  41 2435  31 2417  43 2404  39 2496  17  277   8  280  23 2465  17  237  18  293  14  355  34
> Leroy Tan Yong King   210  20 2447  35  272   4  342  45 2359  32 2444  31 2416  30  319  17  294  25  306  28 2591  36  413  42  295  30  370  44  293  27 2630  36  330  27 2392  45 1384  34  266  40
> Lim Seng Chye         336  21  295  16  307  33 2406  36  265  34 2398  32  269  24 2432  27  284  42  340  39 2532  35  285  16 2390  43  328  34 2504  45  334  41 2425  33 2394  30  371  41
> Vinesh Nair           287  22  350  41 2367  31 2389  43 2399  23  307  18  259   9  268  25 2409  32  317  14  291  34  381  41  383  33 2446  35  415  44 2430  35  364  43 2378  35  374  31

diff "/srv/dev/aardvark/2015/IND/IGATE15.tou" "/home/jcastellano/aardvark-ng/backups/years//2015/IND/IGATE15.tou" |
41c41
< Lennie D'Souza       2400 +45 2455  29 2360  21 2339 +23  354  15 2434  +4 2436 +22 2408 +32 2462  17  327   7 2479   1  385  +9  402 +35  352   2 2483   3 2438  +9  293  15  370  +6  310 +12 2334  18  349   8  304 +29 2414  14 2372 +27 2421 +11  291  38  328  22 2422  20 2455 +26  388   9  371 +26 2419   8 2380  11 2429 +18 2469 +29
---
> Lennie D’Souza       2400 +45 2455  29 2360  21 2339 +23  354  15 2434  +4 2436 +22 2408 +32 2462  17  327   7 2479   1  385  +9  402 +35  352   2 2483   3 2438  +9  293  15  370  +6  310 +12 2334  18  349   8  304 +29 2414  14 2372 +27 2421 +11  291  38  328  22 2422  20 2455 +26  388   9  371 +26 2419   8 2380  11 2429 +18 2469 +29
81c81
< Krtin Juneja          315   9  287  19  278 +35  350 +21  364  40  288 +38  401  47 2400  43 2486 +45  350 +48  336  42 2422 +30  278  14  299 +49  312  36  274 +39 2345 +16 2442  41  251 +44  358   5 2406  46  264 +24  378 +28  303  37  291  26  265 +34  303  32  414  +3  423 +43 2001 +50 2411 +42 2370  43  327  43 2413 +43 2400 +43                               
---
> Krtin Juneja          315   9  287  19  278 +35  350 +21  364  40  288 +38  401  47 2400  43 2486 +45  350 +48  336  42 2422 +30  278  14  299 +49  312  36  274 +39 2345 +16 2442  41  251 +44  358   5 2406  46  264 +24  378 +28  303  37  291  26  265 +34  303  32  414  +3  423 +43 2001 +50 2411 +42 2370  43  327  43 2413 +43 2400 +43                                      0

diff "/srv/dev/aardvark/2015/MYS/ASTAR.tou" "/home/jcastellano/aardvark-ng/backups/years//2015/MYS/ASTAR.tou" |
59,60c59,60
< Yy bye                100  26  100   6  100  21  100   7 2175 +29 2175  29 2175 +29 2175  29  100  30  100  30  100  30  100  30  100  30  100  30  100  30 
< *** END OF FILE ***
---
> Yy bye                100  26  100   6  100  21  100   7 2175 +29 2175  29 2175 +29 2175  29  100  30  100  30  100  30  100  30  100  30  100  30  100 
> *** END OF FILE ***
\ No newline at end of file

diff "/srv/dev/aardvark/2015/AUS/wscsuno.tou" "/home/jcastellano/aardvark-ng/backups/years//2015/AUS/wscsuno.tou" |
116c116
< Pam Morris            329  34  381 +153 2395 +58  314  40  357  54  419 +86 2462 +13 2365  73
---
> Pam Morris @40        329  34  381 +153 2395 +58  314  40  357  54  419 +86 2462 +13 2365  73
158c158
< *** END OF FILE ***
---
> *** END OF FILE ***
\ No newline at end of file

diff "/srv/dev/aardvark/2015/AUS/wsc2015.tou" "/home/jcastellano/aardvark-ng/backups/years//2015/AUS/wsc2015.tou" |
16c16
< Ashley Coldrick      2554  +1  397  +4  394 120  384  82  445 +39  438 104 2397 +106  348  35 2351 +86  386 116  423 +122 2424  55  396  86 2410 +104  377 +55  371 122  376 +45  394  85  359 +35 2412  26  404 128 2418 +89 2418 103 2432  60  383 +86  329 +11  384 110 2428 107  328 +104  373 +26 2532 +60 2402 101
---
> Ashley Coldrick @52  2554  +1  397  +4  394 120  384  82  445 +39  438 104 2397 +106  348  35 2351 +86  386 116  423 +122 2424  55  396  86 2410 +104  377 +55  371 122  376 +45  394  85  359 +35 2412  26  404 128 2418 +89 2418 103 2432  60  383 +86  329 +11  384 110 2428 107  328 +104  373 +26 2532 +60 2402 101
92c92
< Pam Morris            368 +97  310  71  251  86  388 +36 2391 103  297 +108  291  99 2395 +110  260 +123  324 107  300 +124  392  65 2443 +103  348  60  348 +46  314 128  271 110 2455 +104  303  58  374 +124  326 +26  370  13  288 +53  291  91 2503 103  313 +60  376 +128  360 124 2387 103 2378  78 2423 +110  378 +107
---
> Pam Morris@65         368 +97  310  71  251  86  388 +36 2391 103  297 +108  291  99 2395 +110  260 +123  324 107  300 +124  392  65 2443 +103  348  60  348 +46  314 128  271 110 2455 +104  303  58  374 +124  326 +26  370  13  288 +53  291  91 2503 103  313 +60  376 +128  360 124 2387 103 2378  78 2423 +110  378 +107
134c134
< *** END OF FILE ***
---
> *** END OF FILE ***
\ No newline at end of file

diff "/srv/dev/aardvark/2015/AUS/15aust.tou" "/home/jcastellano/aardvark-ng/backups/years//2015/AUS/15aust.tou" |
163c163
< Wayne Willis          315 +71 2473  49  328 +17  292  37  296  26  294 +38  299  32  328 +66  387  43  319 +33  289   7 2353 +19 2382  +7  295  +5 2442 +43 2372  79  335  69  290 +40 2346   1  231  19 2382  +8  366  18 2344 +53 2448  72
---
> Wayne Willis@23       315 +71 2473  49  328 +17  292  37  296  26  294 +38  299  32  328 +66  387  43  319 +33  289   7 2353 +19 2382  +7  295  +5 2442 +43 2372  79  335  69  290 +40 2346   1  231  19 2382  +8  366  18 2344 +53 2448  72
168c168
< *** END OF FILE ***
---
> *** END OF FILE ***
\ No newline at end of file

diff "/srv/dev/aardvark/2015/AUS/wscsato.tou" "/home/jcastellano/aardvark-ng/backups/years//2015/AUS/wscsato.tou" |
13c13
< Annette Coombes       273  59  290  102  298 +38  294  20  315 +93  264  104 2366 +31  321 +14
---
> Annette Coombes @8    273  59  290  102  298 +38  294  20  315 +93  264  104 2366 +31  321 +14
120c120
< *** END OF FILE ***
---
> *** END OF FILE ***
\ No newline at end of file

diff "/srv/dev/aardvark/2019/AUS/sachmp19.tou" "/home/jcastellano/aardvark-ng/backups/years//2019/AUS/sachmp19.tou" |
13c13
< Julie Brice          2486 +34  416  +1  335  32  335  15 2392 +36  392  41 2491 +29 2492 +22  348  14 2470  50 2423 +25  348   1  359   8  398 +15 2430  26 2461 +41
---
> Julie Brice@16       2486 +34  416  +1  335  32  335  15 2392 +36  392  41 2491 +29 2492 +22  348  14 2470  50 2423 +25  348   1  359   8  398 +15 2430  26 2461 +41

diff "/srv/dev/aardvark/1998/ZAF/panpre98.STA" "/home/jcastellano/aardvark-ng/backups/years//1998/ZAF/panpre98.STA" |
8c8
< | OS  Femi Awowade         |   43   27 |  43  27 |  7.7 12.0 | 1889 +73 1962 |
---
> | OS  Femi Awowade :nga    |   43   27 |  43  27 |  7.7 12.0 | 1889 +73 1962 |
20c20
< | OS  Akshay Bhandarkar    |   10   17 |  10  17 | 10.7  9.0 | 2015 -15 1999 |
---
> | OS  Akshay Bhandarkar :b |   10   17 |  10  17 | 10.7  9.0 | 2015 -15 1999 |
23c23
< | OS  Selwyn Lobo          |    0   73 |   0  73 |  4.8  9.0 | 1684+155 1839 |
---
> | OS  Selwyn Lobo    e     |    0   73 |   0  73 |  4.8  9.0 | 1684+155 1839 |
29c29
< | OS  Chrys Placca         |    0   81 |   0  81 | 10.7  8.0 | 1882 -61 1820 |
---
> | OS  Chrys Placca :gha    |    0   81 |   0  81 | 10.7  8.0 | 1882 -61 1820 |

diff "/srv/dev/aardvark/2013/AUS/13aust.tou" "/home/jcastellano/aardvark-ng/backups/years//2013/AUS/13aust.tou" |
113c113
< Carol Johnston       2331 +69 2378  45  367  21  333 +26  338 +49 2374  66 2433   2  288  77  384 +33  304  88  310 +30 2369  24 2330 +11 2391  84  290 +63  184 +34  371  90 2322  13 2365 +24 2390   6  246  36 2386 +20 2429  62 2348 +88
---
> Carol Johnston @34   2331 +69 2378  45  367  21  333 +26  338 +49 2374  66 2433   2  288  77  384 +33  304  88  310 +30 2369  24 2330 +11 2391  84  290 +63  184 +34  371  90 2322  13 2365 +24 2390   6  246  36 2386 +20 2429  62 2348 +88
167c167
< Raya Wilkinson       2390   1  352 +79  314  86  325 +20 2413  78 2332 +82  346  59 2437  72 2411 +24 2391 +11  349  49 2473  33  345 +43  315  23  278  +5 2356  42  337 +41  340  11 2423 +37  301  34  287  61 2370 +78  302  47 2413 +87
---
> Raya Wilkinson @20   2390   1  352 +79  314  86  325 +20 2413  78 2332 +82  346  59 2437  72 2411 +24 2391 +11  349  49 2473  33  345 +43  315  23  278  +5 2356  42  337 +41  340  11 2423 +37  301  34  287  61 2370 +78  302  47 2413 +87

diff "/srv/dev/aardvark/2017/MYS/asciu18.tou" "/home/jcastellano/aardvark-ng/backups/years//2017/MYS/asciu18.tou" |
75c75
< Muhamad Aqil Bin Azh    2  72  100  77    2  72    2  72    2  72    2  72    2  72    2  72    2  72    2  72    2  72    2  72    2  72    2  72    2  72
---
> Muhamad_Aqil Bin Azh    2  72  100  77    2  72    2  72    2  72    2  72    2  72    2  72    2  72    2  72    2  72    2  72    2  72    2  72    2  72

diff "/srv/dev/aardvark/2017/AUS/ausch17.STS" "/home/jcastellano/aardvark-ng/backups/years//2017/AUS/ausch17.STS" |
46c46
< A,AUS,Paul Richards,24,13.078,11.0,1558,+24,1489,1447,451,493,47,53
---
> A,AUS,Paul Richards AUS,24,13.078,11.0,1558,+24,1489,1447,451,493,47,53

diff "/srv/dev/aardvark/2017/AUS/nswchm17.tou" "/home/jcastellano/aardvark-ng/backups/years//2017/AUS/nswchm17.tou" |
19c19
< Peter Shaw           2410  37 2506 +31  370   3  319  21  395  +7  267   9 2443  17  370 +36 2407 +22 2357  20 2448 +34 2427 +14  342   7 2387 +17  304  +4  353 +20  386   8 2404  32 2400  21 2517 +26 2390  44  353  +3 2406  25  384  +2
---
> Peter Shaw@21        2410  37 2506 +31  370   3  319  21  395  +7  267   9 2443  17  370 +36 2407 +22 2357  20 2448 +34 2427 +14  342   7 2387 +17  304  +4  353 +20  386   8 2404  32 2400  21 2517 +26 2390  44  353  +3 2406  25  384  +2

diff "/srv/dev/aardvark/2017/AUS/ausch17.tou" "/home/jcastellano/aardvark-ng/backups/years//2017/AUS/ausch17.tou" |
49,50c49,50
< Paul Richards        2352  35  394 +50  340 +42  281   7  365   3 2396  +5 2375  14  318 +11 2393 +12  306 +41 2398  29 2406  +4  410  13  369  41 2382 +23  422 +54 2497  39  263   9 2480 +47  332  17 2503  44 2360 +34  348  +6  411  25
< Robin Andersen       2409  37 2459  +4  353  22  347 +49 2426 +41  340 +55  286  48 2466  39 2515 +29  313  42  296 +36  413  45  353 +52 2410   4  269 +32  369  39 2441  44 2487 +38  324  46  343 +41 2473 +37  327   5 2446  29  375 +10
---
> Paul Richards AUS    2352  35  394 +50  340 +42  281   7  365   3 2396  +5 2375  14  318 +11 2393 +12  306 +41 2398  29 2406  +4  410  13  369  41 2382 +23  422 +54 2497  39  263   9 2480 +47  332  17 2503  44 2360 +34  348  +6  411  25
> Robin Andersen@18    2409  37 2459  +4  353  22  347 +49 2426 +41  340 +55  286  48 2466  39 2515 +29  313  42  296 +36  413  45  353 +52 2410   4  269 +32  369  39 2441  44 2487 +38  324  46  343 +41 2473 +37  327   5 2446  29  375 +10

diff "/srv/dev/aardvark/2017/AUS/sacham17.tou" "/home/jcastellano/aardvark-ng/backups/years//2017/AUS/sacham17.tou" |
11c11
< Jane Taylor           294 +27 2451  23  223  +3 2367 +36  380 +13 2455  33 2519  34  347  20 2487 +17  340  12 2410  22 2512 +20 2457 +11  322  +5 2436   6 2420  16
---
> Jane Taylor@12        294 +27 2451  23  223  +3 2367 +36  380 +13 2455  33 2519  34  347  20 2487 +17  340  12 2410  22 2512 +20 2457 +11  322  +5 2436   6 2420  16
42c42
< Mel Leckie            214  12  330  30  268 +35  317 +25  359  33 2366  38  273 +24  373  19 2439 +34  333 +38 2350  27  337  34 2400 +33  304  31  291 +36 2391  30
---
> Mel Leckie@18         214  12  330  30  268 +35  317 +25  359  33 2366  38  273 +24  373  19 2439 +34  333 +38 2350  27  337  34 2400 +33  304  31  291 +36 2391  30

diff "/srv/dev/aardvark/2002/BHR/gst2002.STA" "/home/jcastellano/aardvark-ng/backups/years//2002/BHR/gst2002.STA" |
5c5
< | OS  Salah Salih          |  134  135 | 134 135 | 10.5 10.0 | 1783  -6 1777 |
---
> | OS  Salah Salih :ksa     |  134  135 | 134 135 | 10.5 10.0 | 1783  -6 1777 |
28c28
< |*OS  Ali Roomy            |    0  264 |   0 264 |  7.0  7.0 | 1233     1233 |
---
> |*OS  Ali Roomy: ksa       |    0  264 |   0 264 |  7.0  7.0 | 1233     1233 |
35c35
< | OS  Marcello Lualhati    |  262  269 | 262 269 |  7.1  6.0 | 1208 -30 1178 |
---
> | OS  Marcello Lualhati:   |  262  269 | 262 269 |  7.1  6.0 | 1208 -30 1178 |

diff "/srv/dev/aardvark/2011/NIR/nich2011.STA" "/home/jcastellano/aardvark-ng/backups/years//2011/NIR/nich2011.STA" |
23c23
< |*NIR Sarah-Jane Jamison   |      278  |      2  |       7.0 |    0      1736 |
---
> |*NIR Sarah-Jane Jamison   |      278  |      2  |       7.0 |           1736 |
34c34
< |*IRE Nalini Bhat          |      336  |      5  |       5.0 |    0      1672 |
---
> |*IRE Nalini Bhat          |      336  |      5  |       5.0 |           1672 |

diff "/srv/dev/aardvark/2012/THA/prcup12.tou" "/home/jcastellano/aardvark-ng/backups/years//2012/THA/prcup12.tou" |
60c60
< Witthayawut Thai      319  27  332  26 2536  17  372   7 2407  21 2385  12 2502  18 2395  11  363   1  316  14  306   5  358   2  388  12 2440  22 2411  12 
---
> Witthayawut Thai      319  27  332  26 2536  17  372   7 2407  21 2385  12 2502  18 2395  11  363   1  316  14  306   5  358   2  388  12 2440  22 2411  

diff "/srv/dev/aardvark/2006/MYS/caus2006.STS" "/home/jcastellano/aardvark-ng/backups/years//2006/MYS/caus2006.STS" |
71c71
< OPEN,MYS,Ng Li Yuan,20,9.925,10.0,0,+20,1428,1428,0,276,0,22
---
> OPEN,MYS,Ng  Li Yuan,20,9.925,10.0,0,+20,1428,1428,0,276,0,22

diff "/srv/dev/aardvark/2018/GBR/abspma18.tou" "/home/jcastellano/aardvark-ng/backups/years//2018/GBR/abspma18.tou" |
14c14
< Gary Oliver          2465  +8 2531  +9  417  12 2454   6 2525   7  424  13  374   1 2470 +16 2425   4 2444 +15 2438   5 2547  +3 2537 +10 2445  +2 2383  14  313   3
---
> Gary Oliver(         2465  +8 2531  +9  417  12 2454   6 2525   7  424  13  374   1 2470 +16 2425   4 2444 +15 2438   5 2547  +3 2537 +10 2445  +2 2383  14  313   3

diff "/srv/dev/aardvark/2018/AUS/ausday18.tou" "/home/jcastellano/aardvark-ng/backups/years//2018/AUS/ausday18.tou" |
2c2
< *A
---
> *
14c14
< John Barker          2463  33  368 +17 2393 +41 2423   2 2433  +4 2400  31  367  +7 2404  12
---
> John Barker@18       2463  33  368 +17 2393 +41 2423   2 2433  +4 2400  31  367  +7 2404  12

diff "/srv/dev/aardvark/2018/AUS/csim2018.tou" "/home/jcastellano/aardvark-ng/backups/years//2018/AUS/csim2018.tou" |
2c2
< *A
---
> *

diff "/srv/dev/aardvark/2018/AUS/auscha18.tou" "/home/jcastellano/aardvark-ng/backups/years//2018/AUS/auscha18.tou" |
39c39
< Jane Taylor          2546 +16  402 +23 2464  13  354  60  294 +87 2547  25 2409 +66  363  34  334  +9 2423  56  351  39  458 +35 2454  67 2410 +46 2448   7  340  +1  391  45 2427 +64  356 +85  299 +54 2367  81 2455  30 2384 +55 2440  51
---
> Jane Taylor@36       2546 +16  402 +23 2464  13  354  60  294 +87 2547  25 2409 +66  363  34  334  +9 2423  56  351  39  458 +35 2454  67 2410 +46 2448   7  340  +1  391  45 2427 +64  356 +85  299 +54 2367  81 2455  30 2384 +55 2440  51
48c48
< Julie Brice           414  17 2448 +72  321  38 2353   2  330  74 2372 +67  426 +22 2427 +88 2344  13  371 +73 2369 +76 2396  12  358 +74  375  21 2550 +26  454  76 2550 +36  386  33 2568 +10  368   9  373 +69 2387  39 2503  61  389  66
---
> Julie Brice@35        414  17 2448 +72  321  38 2353   2  330  74 2372 +67  426 +22 2427 +88 2344  13  371 +73 2369 +76 2396  12  358 +74  375  21 2550 +26  454  76 2550 +36  386  33 2568 +10  368   9  373 +69 2387  39 2503  61  389  66
57c57
< Marj Miller           330  86 2563  63 2438 +57  281 +83  368  13  271 +66  358  73  349 +14 2443 +84  301  65 2372  52 2365 +28 2443  58 2404 +39  267  +2 2395  81  375 +53  348  19 2426 +67 2358  36 2395  14 2392 +55  302  22  389 +26
---
> Marj Miller@37        330  86 2563  63 2438 +57  281 +83  368  13  271 +66  358  73  349 +14 2443 +84  301  65 2372  52 2365 +28 2443  58 2404 +39  267  +2 2395  81  375 +53  348  19 2426 +67 2358  36 2395  14 2392 +55  302  22  389 +26

diff "/srv/dev/aardvark/2018/AUS/auchwu18.tou" "/home/jcastellano/aardvark-ng/backups/years//2018/AUS/auchwu18.tou" |
2c2
< *A
---
> *

diff "/srv/dev/aardvark/2018/AUS/sachmp18.tou" "/home/jcastellano/aardvark-ng/backups/years//2018/AUS/sachmp18.tou" |
8c8
< Jane Taylor          2493 +21 2500 +16 2444   4  272  +1  315  14  319   2 2501 +10  376   9 2432   3 2491 +16 2495   7 2443  +4  303  +1  313   8 2534 +11 2519  +9
---
> Jane Taylor@6        2493 +21 2500 +16 2444   4  272  +1  315  14  319   2 2501 +10  376   9 2432   3 2491 +16 2495   7 2443  +4  303  +1  313   8 2534 +11 2519  +9

diff "/srv/dev/aardvark/2018/SGP/g8mini18.tou" "/home/jcastellano/aardvark-ng/backups/years//2018/SGP/g8mini18.tou" |
1c1
< *M29.07.2018 Grandeur 8 Mini
---
> *MG8 29.7.2018 Grandeur 8 Mini

