Filnames found: 810

ERROR:                 names in the .tou and .STS/.STA files do not match
File:                  /srv/dev/aardvark/2019/IND/pune2019
Missing in .tou:       PC Jose, 
Missing in .STS/.STA:  Pc Jose, 

ERROR:                 names in the .tou and .STS/.STA files do not match
File:                  /srv/dev/aardvark/2019/NZL/nznats19
Missing in .tou:       Jean O'Brien, 
Missing in .STS/.STA:  Jean Obrien, 

ERROR:                 names in the .tou and .STS/.STA files do not match
File:                  /srv/dev/aardvark/2019/MYS/msiaop19
Missing in .tou:       Dianne Brumby, 
Missing in .STS/.STA:  Dianne Brumby@13, 

ERROR:                 names in the .tou and .STS/.STA files do not match
File:                  /srv/dev/aardvark/2019/MYS/ascu1519
Missing in .tou:       Nur Aleyah M  Jais, 
Missing in .STS/.STA:  Nur Aleyah M Jais, 

ERROR:                 names in the .tou and .STS/.STA files do not match
File:                  /srv/dev/aardvark/2019/MYS/ascu1819
Missing in .tou:       Nur_Aisya Najihah, Afaf Binti M  Firhat, 
Missing in .STS/.STA:  Afaf Binti M Firhat, Nur Aisya Najihah, 

ERROR:                 names in the .tou and .STS/.STA files do not match
File:                  /srv/dev/aardvark/2019/AUS/austch19
Missing in .tou:       Latha Weerakkody, 
Missing in .STS/.STA:  Latha Weerakkody @18, 

ERROR:                 names in the .tou and .STS/.STA files do not match
File:                  /srv/dev/aardvark/2019/AUS/senrat19
Missing in .tou:       Dianne Brumby, Carol Johnston, Howard Warner, Betty Foreman, 
Missing in .STS/.STA:  Dianne Brumby@9, Howard Warner@2, Carol Johnston@58, Betty Foreman@44, 

ERROR:                 names in the .tou and .STS/.STA files do not match
File:                  /srv/dev/aardvark/2019/AUS/sachmp19
Missing in .tou:       Julie Brice, 
Missing in .STS/.STA:  Julie Brice@16, 

ERROR:                 names in the .tou and .STS/.STA files do not match
File:                  /srv/dev/aardvark/2019/AUS/vicch19
Missing in .tou:       Lois Binnie, Latha Weerakkody, 
Missing in .STS/.STA:  Lois Binnie @18, Latha Weerakkody @17, 

ERROR:                 names in the .tou and .STS/.STA files do not match
File:                  /srv/dev/aardvark/2019/USA/princ119
Missing in .tou:       Phyllis DeCastro, 
Missing in .STS/.STA:  Phyllis Decastro, 

ERROR:  Missing .STS or .STA file
File:   /srv/dev/aardvark/2017/OMN/sparom17

ERROR:  Missing .STS or .STA file
File:   /srv/dev/aardvark/2009/GBR/ni2009

ERROR:  Missing .STS or .STA file
File:   /srv/dev/aardvark/2012/CZE/copymsimaine

ERROR:  Missing .STS or .STA file
File:   /srv/dev/aardvark/2008/MYS/Copy of 2008csc

ERROR:  Missing .STS or .STA file
File:   /srv/dev/aardvark/2008/MYS/OPEN2_33

Created html/tournaments/789.html
Created html/tournaments/790.html
Created html/tournaments/791.html
Created html/tournaments/792.html
Created html/tournaments/793.html
Created html/tournaments/794.html
Created html/tournaments/795.html
Created html/players/50.html
Created html/players/168.html
Created html/players/170.html
Created html/players/249.html
Created html/players/257.html
Created html/players/269.html
Created html/players/270.html
Created html/players/271.html
Created html/players/277.html
Created html/players/289.html
Created html/players/297.html
Created html/players/298.html
Created html/players/299.html
Created html/players/300.html
Created html/players/380.html
Created html/players/451.html
Created html/players/471.html
Created html/players/589.html
Created html/players/624.html
Created html/players/661.html
Created html/players/711.html
Created html/players/728.html
Created html/players/807.html
Created html/players/1003.html
Created html/players/1004.html
Created html/players/1021.html
Created html/players/1031.html
Created html/players/1032.html
Created html/players/1035.html
Created html/players/1038.html
Created html/players/1039.html
Created html/players/1040.html
Created html/players/1043.html
Created html/players/1045.html
Created html/players/1047.html
Created html/players/1051.html
Created html/players/1058.html
Created html/players/1067.html
Created html/players/1071.html
Created html/players/1078.html
Created html/players/1080.html
Created html/players/1081.html
Created html/players/1084.html
Created html/players/1087.html
Created html/players/1088.html
Created html/players/1095.html
Created html/players/1104.html
Created html/players/1110.html
Created html/players/1120.html
Created html/players/1121.html
Created html/players/1226.html
Created html/players/1227.html
Created html/players/1228.html
Created html/players/1232.html
Created html/players/1234.html
Created html/players/1235.html
Created html/players/1262.html
Created html/players/1500.html
Created html/players/1501.html
Created html/players/1502.html
Created html/players/1503.html
Created html/players/1504.html
Created html/players/1509.html
Created html/players/1512.html
Created html/players/1516.html
Created html/players/1518.html
Created html/players/1521.html
Created html/players/1525.html
Created html/players/1526.html
Created html/players/1528.html
Created html/players/1537.html
Created html/players/1541.html
Created html/players/1543.html
Created html/players/1544.html
Created html/players/1546.html
Created html/players/1547.html
Created html/players/1548.html
Created html/players/1559.html
Created html/players/1560.html
Created html/players/1583.html
Created html/players/1586.html
Created html/players/1587.html
Created html/players/1589.html
Created html/players/1590.html
Created html/players/1591.html
Created html/players/1594.html
Created html/players/1600.html
Created html/players/1605.html
Created html/players/1613.html
Created html/players/1616.html
Created html/players/1619.html
Created html/players/1620.html
Created html/players/1694.html
Created html/players/2329.html
Created html/players/2332.html
Created html/players/2353.html
Created html/players/2355.html
Created html/players/2611.html
Created html/players/2870.html
Created html/players/2876.html
Created html/players/2878.html
Created html/players/2880.html
Created html/players/2906.html
Created html/players/2908.html
Created html/players/2975.html
Created html/players/2986.html
Created html/players/3042.html
Created html/players/3048.html
Created html/players/3060.html
Created html/players/3061.html
Created html/players/3062.html
Created html/players/3070.html
Created html/players/3505.html
Created html/players/3506.html
Created html/players/3510.html
Created html/players/3709.html
Created html/players/3861.html
Created html/players/4031.html
Created html/players/4379.html
Created html/players/4876.html
Created html/players/5078.html
Created html/players/5090.html
Created html/players/5186.html
Created html/players/5439.html
Created html/players/5440.html
Created html/players/5441.html
Created html/players/5442.html
Created html/players/5443.html
Created html/players/5444.html
Created html/players/5445.html
Created html/players/5446.html
Created html/players/5447.html
Created html/players/5448.html
Created html/players/5449.html
Created html/players/5450.html
Created html/players/5451.html
Created html/players/5452.html
Created html/players/5453.html
Created html/players/5454.html
Created html/players/5455.html
Created html/rankings/full_rankings.html
Created html/rankings/JPN.html
Created html/rankings/UGA.html
Created html/rankings/NGA.html
Created html/rankings/ISR.html
Created html/rankings/NZL.html
Created html/rankings/ZAF.html
Created html/rankings/ROU.html
Created html/rankings/NIR.html
Created html/rankings/PAK.html
Created html/rankings/QAT.html
Created html/rankings/DEU.html
Created html/rankings/PHL.html
Created html/rankings/BHR.html
Created html/rankings/NOR.html
Created html/rankings/NLD.html
Created html/rankings/TZA.html
Created html/rankings/TTO.html
Created html/rankings/ENG.html
Created html/rankings/WAL.html
Created html/rankings/CAN.html
Created html/rankings/POL.html
Created html/rankings/GMB.html
Created html/rankings/THA.html
Created html/rankings/LKA.html
Created html/rankings/SCO.html
Created html/rankings/VNM.html
Created html/rankings/MLT.html
Created html/rankings/SLE.html
Created html/rankings/AUS.html
Created html/rankings/MYS.html
Created html/rankings/USA.html
Created html/rankings/FRA.html
Created html/rankings/SGP.html
Created html/rankings/GHA.html
Created html/rankings/LBR.html
Created html/rankings/SWE.html
Created html/rankings/OMN.html
Created html/rankings/IDN.html
Created html/rankings/IRL.html
Created html/rankings/HUN.html
Created html/rankings/ARE.html
Created html/rankings/KEN.html
Created html/rankings/IND.html
Created html/rankings/KWT.html
Created html/rankings/ZMB.html
Created html/rankings/HKG.html
Created html_data/front_page_ratings_data.html
Created html_data/player_search_data.html
Created html_data/country_search_data.html
Created html_data/tournament_form_data.html
