Filnames found: 794

ERROR:                 names in the .tou and .STS/.STA files do not match
File:                  /srv/dev/aardvark/2019/IND/pune2019
Missing in .tou:       PC Jose, 
Missing in .STS/.STA:  Pc Jose, 

ERROR:                 names in the .tou and .STS/.STA files do not match
File:                  /srv/dev/aardvark/2019/NZL/nznats19
Missing in .tou:       Jean O'Brien, 
Missing in .STS/.STA:  Jean Obrien, 

ERROR:                 names in the .tou and .STS/.STA files do not match
File:                  /srv/dev/aardvark/2019/MYS/msiaop19
Missing in .tou:       Dianne Brumby, 
Missing in .STS/.STA:  Dianne Brumby@13, 

ERROR:                 names in the .tou and .STS/.STA files do not match
File:                  /srv/dev/aardvark/2019/MYS/ascu1519
Missing in .tou:       Nur Aleyah M  Jais, 
Missing in .STS/.STA:  Nur Aleyah M Jais, 

ERROR:                 names in the .tou and .STS/.STA files do not match
File:                  /srv/dev/aardvark/2019/MYS/ascu1819
Missing in .tou:       Nur_Aisya Najihah, Afaf Binti M  Firhat, 
Missing in .STS/.STA:  Afaf Binti M Firhat, Nur Aisya Najihah, 

ERROR:                 names in the .tou and .STS/.STA files do not match
File:                  /srv/dev/aardvark/2019/AUS/austch19
Missing in .tou:       Latha Weerakkody, 
Missing in .STS/.STA:  Latha Weerakkody @18, 

ERROR:                 names in the .tou and .STS/.STA files do not match
File:                  /srv/dev/aardvark/2019/AUS/sachmp19
Missing in .tou:       Julie Brice, 
Missing in .STS/.STA:  Julie Brice@16, 

ERROR:                 names in the .tou and .STS/.STA files do not match
File:                  /srv/dev/aardvark/2019/AUS/vicch19
Missing in .tou:       Lois Binnie, Latha Weerakkody, 
Missing in .STS/.STA:  Lois Binnie @18, Latha Weerakkody @17, 

ERROR:                 names in the .tou and .STS/.STA files do not match
File:                  /srv/dev/aardvark/2019/USA/princ119
Missing in .tou:       Phyllis DeCastro, 
Missing in .STS/.STA:  Phyllis Decastro, 

ERROR:  Missing .STS or .STA file
File:   /srv/dev/aardvark/2017/OMN/sparom17

ERROR:  Missing .STS or .STA file
File:   /srv/dev/aardvark/2009/GBR/ni2009

ERROR:  Missing .STS or .STA file
File:   /srv/dev/aardvark/2012/CZE/copymsimaine

ERROR:  Missing .STS or .STA file
File:   /srv/dev/aardvark/2008/MYS/Copy of 2008csc

ERROR:  Missing .STS or .STA file
File:   /srv/dev/aardvark/2008/MYS/OPEN2_33

Created html/rankings/full_rankings.html
Created html/rankings/JPN.html
Created html/rankings/UGA.html
Created html/rankings/NGA.html
Created html/rankings/ISR.html
Created html/rankings/NZL.html
Created html/rankings/ZAF.html
Created html/rankings/ROU.html
Created html/rankings/NIR.html
Created html/rankings/PAK.html
Created html/rankings/QAT.html
Created html/rankings/DEU.html
Created html/rankings/PHL.html
Created html/rankings/BHR.html
Created html/rankings/NOR.html
Created html/rankings/NLD.html
Created html/rankings/TZA.html
Created html/rankings/TTO.html
Created html/rankings/ENG.html
Created html/rankings/WAL.html
Created html/rankings/CAN.html
Created html/rankings/POL.html
Created html/rankings/GMB.html
Created html/rankings/THA.html
Created html/rankings/LKA.html
Created html/rankings/SCO.html
Created html/rankings/VNM.html
Created html/rankings/MLT.html
Created html/rankings/SLE.html
Created html/rankings/MYS.html
Created html/rankings/AUS.html
Created html/rankings/USA.html
Created html/rankings/FRA.html
Created html/rankings/SGP.html
Created html/rankings/GHA.html
Created html/rankings/LBR.html
Created html/rankings/SWE.html
Created html/rankings/OMN.html
Created html/rankings/IDN.html
Created html/rankings/IRL.html
Created html/rankings/HUN.html
Created html/rankings/ARE.html
Created html/rankings/KEN.html
Created html/rankings/IND.html
Created html/rankings/KWT.html
Created html/rankings/ZMB.html
Created html/rankings/HKG.html
Created html_data/front_page_ratings_data.html
Created html_data/player_search_data.html
Created html_data/country_search_data.html
Created html_data/tournament_form_data.html
Filnames found: 794

ERROR:                 names in the .tou and .STS/.STA files do not match
File:                  /srv/dev/aardvark/2019/IND/pune2019
Missing in .tou:       PC Jose, 
Missing in .STS/.STA:  Pc Jose, 

ERROR:                 names in the .tou and .STS/.STA files do not match
File:                  /srv/dev/aardvark/2019/NZL/nznats19
Missing in .tou:       Jean O'Brien, 
Missing in .STS/.STA:  Jean Obrien, 

ERROR:                 names in the .tou and .STS/.STA files do not match
File:                  /srv/dev/aardvark/2019/MYS/msiaop19
Missing in .tou:       Dianne Brumby, 
Missing in .STS/.STA:  Dianne Brumby@13, 

ERROR:                 names in the .tou and .STS/.STA files do not match
File:                  /srv/dev/aardvark/2019/MYS/ascu1519
Missing in .tou:       Nur Aleyah M  Jais, 
Missing in .STS/.STA:  Nur Aleyah M Jais, 

ERROR:                 names in the .tou and .STS/.STA files do not match
File:                  /srv/dev/aardvark/2019/MYS/ascu1819
Missing in .tou:       Nur_Aisya Najihah, Afaf Binti M  Firhat, 
Missing in .STS/.STA:  Afaf Binti M Firhat, Nur Aisya Najihah, 

ERROR:                 names in the .tou and .STS/.STA files do not match
File:                  /srv/dev/aardvark/2019/AUS/austch19
Missing in .tou:       Latha Weerakkody, 
Missing in .STS/.STA:  Latha Weerakkody @18, 

ERROR:                 names in the .tou and .STS/.STA files do not match
File:                  /srv/dev/aardvark/2019/AUS/sachmp19
Missing in .tou:       Julie Brice, 
Missing in .STS/.STA:  Julie Brice@16, 

ERROR:                 names in the .tou and .STS/.STA files do not match
File:                  /srv/dev/aardvark/2019/AUS/vicch19
Missing in .tou:       Lois Binnie, Latha Weerakkody, 
Missing in .STS/.STA:  Lois Binnie @18, Latha Weerakkody @17, 

ERROR:                 names in the .tou and .STS/.STA files do not match
File:                  /srv/dev/aardvark/2019/USA/princ119
Missing in .tou:       Phyllis DeCastro, 
Missing in .STS/.STA:  Phyllis Decastro, 

ERROR:  Missing .STS or .STA file
File:   /srv/dev/aardvark/2017/OMN/sparom17

ERROR:  Missing .STS or .STA file
File:   /srv/dev/aardvark/2009/GBR/ni2009

ERROR:  Missing .STS or .STA file
File:   /srv/dev/aardvark/2012/CZE/copymsimaine

ERROR:  Missing .STS or .STA file
File:   /srv/dev/aardvark/2008/MYS/Copy of 2008csc

ERROR:  Missing .STS or .STA file
File:   /srv/dev/aardvark/2008/MYS/OPEN2_33

Created html/rankings/full_rankings.html
Created html/rankings/JPN.html
Created html/rankings/UGA.html
Created html/rankings/NGA.html
Created html/rankings/ISR.html
Created html/rankings/NZL.html
Created html/rankings/ZAF.html
Created html/rankings/ROU.html
Created html/rankings/NIR.html
Created html/rankings/PAK.html
Created html/rankings/QAT.html
Created html/rankings/DEU.html
Created html/rankings/PHL.html
Created html/rankings/BHR.html
Created html/rankings/NOR.html
Created html/rankings/NLD.html
Created html/rankings/TZA.html
Created html/rankings/TTO.html
Created html/rankings/ENG.html
Created html/rankings/WAL.html
Created html/rankings/CAN.html
Created html/rankings/POL.html
Created html/rankings/GMB.html
Created html/rankings/THA.html
Created html/rankings/LKA.html
Created html/rankings/SCO.html
Created html/rankings/VNM.html
Created html/rankings/MLT.html
Created html/rankings/SLE.html
Created html/rankings/MYS.html
Created html/rankings/AUS.html
Created html/rankings/USA.html
Created html/rankings/FRA.html
Created html/rankings/SGP.html
Created html/rankings/GHA.html
Created html/rankings/LBR.html
Created html/rankings/SWE.html
Created html/rankings/OMN.html
Created html/rankings/IDN.html
Created html/rankings/IRL.html
Created html/rankings/HUN.html
Created html/rankings/ARE.html
Created html/rankings/KEN.html
Created html/rankings/IND.html
Created html/rankings/KWT.html
Created html/rankings/ZMB.html
Created html/rankings/HKG.html
Created html_data/front_page_ratings_data.html
Created html_data/player_search_data.html
Created html_data/country_search_data.html
Created html_data/tournament_form_data.html
