Checking 768 files

Number of comparisons: 0
Number of comparisons: 1000
Number of comparisons: 2000
Number of comparisons: 3000
Number of comparisons: 4000
Number of comparisons: 5000
Number of comparisons: 6000
Number of comparisons: 7000
Number of comparisons: 8000
Number of comparisons: 9000
Number of comparisons: 10000
Number of comparisons: 11000
Number of comparisons: 12000
Number of comparisons: 13000
Number of comparisons: 14000
Number of comparisons: 15000
Number of comparisons: 16000
Number of comparisons: 17000
Number of comparisons: 18000
Number of comparisons: 19000
Number of comparisons: 20000
Number of comparisons: 21000
Number of comparisons: 22000
Number of comparisons: 23000
Number of comparisons: 24000
Number of comparisons: 25000
Number of comparisons: 26000
Number of comparisons: 27000
Number of comparisons: 28000
Number of comparisons: 29000
Number of comparisons: 30000
Number of comparisons: 31000
Number of comparisons: 32000
Number of comparisons: 33000
Number of comparisons: 34000
Number of comparisons: 35000
Number of comparisons: 36000
Number of comparisons: 37000
Number of comparisons: 38000
Number of comparisons: 39000
Number of comparisons: 40000
Number of comparisons: 41000
Number of comparisons: 42000
Number of comparisons: 43000
Number of comparisons: 44000
Number of comparisons: 45000
Number of comparisons: 46000
Number of comparisons: 47000
Number of comparisons: 48000
Number of comparisons: 49000
Number of comparisons: 50000
Number of comparisons: 51000
Number of comparisons: 52000
Number of comparisons: 53000
Number of comparisons: 54000
Number of comparisons: 55000
Number of comparisons: 56000
Number of comparisons: 57000
Number of comparisons: 58000
Number of comparisons: 59000
Number of comparisons: 60000
Number of comparisons: 61000
Number of comparisons: 62000
Number of comparisons: 63000
Number of comparisons: 64000
Number of comparisons: 65000
Number of comparisons: 66000
Number of comparisons: 67000
Number of comparisons: 68000
Number of comparisons: 69000
Number of comparisons: 70000
Number of comparisons: 71000
Number of comparisons: 72000
Number of comparisons: 73000
Number of comparisons: 74000
Number of comparisons: 75000
Number of comparisons: 76000
Number of comparisons: 77000
Number of comparisons: 78000
Number of comparisons: 79000
Number of comparisons: 80000
Number of comparisons: 81000
Number of comparisons: 82000
Number of comparisons: 83000
Number of comparisons: 84000
Number of comparisons: 85000
Number of comparisons: 86000
Number of comparisons: 87000
Number of comparisons: 88000
Number of comparisons: 89000
Number of comparisons: 90000
Number of comparisons: 91000
Number of comparisons: 92000
Number of comparisons: 93000
Number of comparisons: 94000
Number of comparisons: 95000
Number of comparisons: 96000
Number of comparisons: 97000
Number of comparisons: 98000
Number of comparisons: 99000
Number of comparisons: 100000
Number of comparisons: 101000
Number of comparisons: 102000
Number of comparisons: 103000
Number of comparisons: 104000
Number of comparisons: 105000
Number of comparisons: 106000
Number of comparisons: 107000
Number of comparisons: 108000
Number of comparisons: 109000
Number of comparisons: 110000
Number of comparisons: 111000
Number of comparisons: 112000
Number of comparisons: 113000
Number of comparisons: 114000
Number of comparisons: 115000
Number of comparisons: 116000
Number of comparisons: 117000
Number of comparisons: 118000
Number of comparisons: 119000
Number of comparisons: 120000
Number of comparisons: 121000
Number of comparisons: 122000
Number of comparisons: 123000
Number of comparisons: 124000
Number of comparisons: 125000
Number of comparisons: 126000
Number of comparisons: 127000
Number of comparisons: 128000
Number of comparisons: 129000
Number of comparisons: 130000
Number of comparisons: 131000
Number of comparisons: 132000
Number of comparisons: 133000
Number of comparisons: 134000
Number of comparisons: 135000
Number of comparisons: 136000
Number of comparisons: 137000
Number of comparisons: 138000
Number of comparisons: 139000
Number of comparisons: 140000
Number of comparisons: 141000
Number of comparisons: 142000
Number of comparisons: 143000
Number of comparisons: 144000
Number of comparisons: 145000
Number of comparisons: 146000
Number of comparisons: 147000
Number of comparisons: 148000
Number of comparisons: 149000
Number of comparisons: 150000
Number of comparisons: 151000
Number of comparisons: 152000
Number of comparisons: 153000
Number of comparisons: 154000
Number of comparisons: 155000
Number of comparisons: 156000
Number of comparisons: 157000
Number of comparisons: 158000
Number of comparisons: 159000
Number of comparisons: 160000
Number of comparisons: 161000
Number of comparisons: 162000
Number of comparisons: 163000
Number of comparisons: 164000
Number of comparisons: 165000
Number of comparisons: 166000
Number of comparisons: 167000
Number of comparisons: 168000
Number of comparisons: 169000
Number of comparisons: 170000
Number of comparisons: 171000
Number of comparisons: 172000
Number of comparisons: 173000
Number of comparisons: 174000
Number of comparisons: 175000
Number of comparisons: 176000
Number of comparisons: 177000
Number of comparisons: 178000
Number of comparisons: 179000
Number of comparisons: 180000
Number of comparisons: 181000
Number of comparisons: 182000
Number of comparisons: 183000
Number of comparisons: 184000
Number of comparisons: 185000
Number of comparisons: 186000
Number of comparisons: 187000
Number of comparisons: 188000
Number of comparisons: 189000
Number of comparisons: 190000
Number of comparisons: 191000
Number of comparisons: 192000
Number of comparisons: 193000
Number of comparisons: 194000
Number of comparisons: 195000
Number of comparisons: 196000
Number of comparisons: 197000
Number of comparisons: 198000
Number of comparisons: 199000
Number of comparisons: 200000
Number of comparisons: 201000
Number of comparisons: 202000
Number of comparisons: 203000
Number of comparisons: 204000
Number of comparisons: 205000
Number of comparisons: 206000
Number of comparisons: 207000
Number of comparisons: 208000
Number of comparisons: 209000
Number of comparisons: 210000
Number of comparisons: 211000
Number of comparisons: 212000
Number of comparisons: 213000
Number of comparisons: 214000
Number of comparisons: 215000
Number of comparisons: 216000
Number of comparisons: 217000
Number of comparisons: 218000
Number of comparisons: 219000
Number of comparisons: 220000
Number of comparisons: 221000
Number of comparisons: 222000
Number of comparisons: 223000
Number of comparisons: 224000
Number of comparisons: 225000
Number of comparisons: 226000
Number of comparisons: 227000
Number of comparisons: 228000
Number of comparisons: 229000
Number of comparisons: 230000
Number of comparisons: 231000
Number of comparisons: 232000
Number of comparisons: 233000
Number of comparisons: 234000
Number of comparisons: 235000
Number of comparisons: 236000
Number of comparisons: 237000
Number of comparisons: 238000
Number of comparisons: 239000
Number of comparisons: 240000
Number of comparisons: 241000
Number of comparisons: 242000
Number of comparisons: 243000
Number of comparisons: 244000
Number of comparisons: 245000
Number of comparisons: 246000
Number of comparisons: 247000
Number of comparisons: 248000
Number of comparisons: 249000
Number of comparisons: 250000
Number of comparisons: 251000
Number of comparisons: 252000
Number of comparisons: 253000
Number of comparisons: 254000
Number of comparisons: 255000
Number of comparisons: 256000
Number of comparisons: 257000
Number of comparisons: 258000
Number of comparisons: 259000
Number of comparisons: 260000
Number of comparisons: 261000
Number of comparisons: 262000
Number of comparisons: 263000
Number of comparisons: 264000
Number of comparisons: 265000
Number of comparisons: 266000
Number of comparisons: 267000
Number of comparisons: 268000
Number of comparisons: 269000
Number of comparisons: 270000
Number of comparisons: 271000
Number of comparisons: 272000
Number of comparisons: 273000
Number of comparisons: 274000
Number of comparisons: 275000
Number of comparisons: 276000
Number of comparisons: 277000
Number of comparisons: 278000
Number of comparisons: 279000
Number of comparisons: 280000
Number of comparisons: 281000
Number of comparisons: 282000
Number of comparisons: 283000
Number of comparisons: 284000
Number of comparisons: 285000
Number of comparisons: 286000
Number of comparisons: 287000
Number of comparisons: 288000
Number of comparisons: 289000
Number of comparisons: 290000
Number of comparisons: 291000
Number of comparisons: 292000
Number of comparisons: 293000
Number of comparisons: 294000
Found 9 duplicates

Duplicate .tou files:

$VAR1 = [
          [
            '/srv/dev/aardvark/2016/IRE/wexford16.tou',
            '/srv/dev/aardvark/2016/GBR/wexford16.tou'
          ],
          [
            '/srv/dev/aardvark/2016/GBR/bestfi16.tou',
            '/srv/dev/aardvark/2016/GBR/bestfi162.tou'
          ],
          [
            '/srv/dev/aardvark/2014/GBR/msifi14.tou',
            '/srv/dev/aardvark/2013/CZE/sctfinal.tou'
          ],
          [
            '/srv/dev/aardvark/2015/THA/pcup15fu.tou',
            '/srv/dev/aardvark/2015/THA/pcup15fuold.tou'
          ],
          [
            '/srv/dev/aardvark/2013/USA/albearly1.tou',
            '/srv/dev/aardvark/2012/USA/albearly1.tou'
          ],
          [
            '/srv/dev/aardvark/2013/USA/malibu.tou',
            '/srv/dev/aardvark/2012/USA/malibu.tou'
          ],
          [
            '/srv/dev/aardvark/2013/USA/albearly2.tou',
            '/srv/dev/aardvark/2012/USA/albearly2.tou'
          ],
          [
            '/srv/dev/aardvark/2011/NIR/nich2011.tou',
            '/srv/dev/aardvark/2011/GBR/nich2011.tou'
          ],
          [
            '/srv/dev/aardvark/2006/SWE/BEHILL06.tou',
            '/srv/dev/aardvark/2006/SWE/behill06.tou'
          ]
        ];


Made 294528 comparisons
