Wasintorn Kosanwatta
Zahid Sachak
Ahmad Kashful
Aqila Khattak
Lakhsmant Ian
Aditya Kuntjoro Adji
Maria M Villanueva
Zulfiqar Ali Hakeem
Paul Richards AUS
Nikhil Ravishankar
Natthaphon Sirijamon
Daniel D'Souza
Nathapong Jaksan
Finbar Long
Ejenas Douglas
Krittapat Chulas
Sahrven Kumar Mohan
Maisarah Saiful B
Riddhi Ahuja
Andhil Mushad
Meidy Pratama Putra
Wan Muhammad Akid
Aditya P Difa
Siti Norzulaifa Zili
Muhd Alif Iman
Rosaleen Rodgers
Will Nwabor
Sorraaut Uesamritti
Osman Ali Khan
Kathirgama Bhaskaran
Bharath Balakrishna
Christine Nyamoita
Mahad Ahmed
Aishah Saffiyah
Imtiaz Ahmed
Hazwan Thaqif M A R
Esom Kemakolam
Penina Gakuiya
Orwara Visavakul
Ahmad Badruddin Mohd
Nida Tanveer
