Filnames found: 768

ERROR:     player name appears more than once
File:      /srv/dev/aardvark/2001/THA/bang2001.tou
Division:  OPEN
Player:    Apirat Choomai

WARNING:   player has switched divisions mid-tournament
File:      /srv/dev/aardvark/2016/MLT/malt16op.tou
Division:  B
Player:    Joe Caruana

ERROR:  Missing .STS or .STA file
File:   /srv/dev/aardvark/2015/THA/pcup15fuold

ERROR:  Missing .STS or .STA file
File:   /srv/dev/aardvark/2017/OMN/sparom17

ERROR:  Missing .STS or .STA file
File:   /srv/dev/aardvark/2009/GBR/ni2009

ERROR:     player name appears more than once
File:      /srv/dev/aardvark/2009/MYS/09WYSC.tou
Division:  CHAMPS
Player:    Dylan D'Souza

ERROR:  Missing .STS or .STA file
File:   /srv/dev/aardvark/2012/CZE/copymsimaine

ERROR:  Missing .STS or .STA file
File:   /srv/dev/aardvark/2008/MYS/Copy of 2008csc

ERROR:  Missing .STS or .STA file
File:   /srv/dev/aardvark/2008/MYS/OPEN2_33

