Use of uninitialized value $opp_opp_number in numeric ne (!=) at ./scripts/migrate.pl line 700, <TOU_FILE> line 5636.
Filnames found: 768

Duplicate .tou files:
i
$VAR1 = [
          [
            '/srv/dev/aardvark/2016/IRE/wexford16.tou',
            '/srv/dev/aardvark/2016/GBR/wexford16.tou'
          ],
          [
            '/srv/dev/aardvark/2013/USA/albearly1.tou',
            '/srv/dev/aardvark/2012/USA/albearly1.tou'
          ],
          [
            '/srv/dev/aardvark/2013/USA/malibu.tou',
            '/srv/dev/aardvark/2012/USA/malibu.tou'
          ],
          [
            '/srv/dev/aardvark/2013/USA/albearly2.tou',
            '/srv/dev/aardvark/2012/USA/albearly2.tou'
          ],
          [
            '/srv/dev/aardvark/2013/USA/vegaseb.tou',
            '/srv/dev/aardvark/2012/USA/vegaseb.tou'
          ],
          [
            '/srv/dev/aardvark/2011/NIR/nich2011.tou',
            '/srv/dev/aardvark/2011/GBR/nich2011.tou'
          ]
        ];

WARNING:       missing or invalid games found in .tou
File:          /srv/dev/aardvark/2001/THA/bang2001.tou
Division:      OPEN
Errors:
   two players play player 49 in round 1
   missing player number 34 in round 1
   two players play player 40 in round 3
   two players play player 32 in round 3
   missing player number 18 in round 3
   missing player number 17 in round 3


ERROR:              opponent of opponent is not player
Files:              /srv/dev/aardvark/2001/THA/bang2001
Division:           OPEN
Round:              1
Player name:        Apirat Choomai
Player number:      33
Opp number:         49
Opp of opp number:  50

ERROR:              opponent of opponent is not player
Files:              /srv/dev/aardvark/2001/USA/wsc2001
Division:           MASTERS
Round:              23
Player name:        Jeff Grant
Player number:      36
Opp number:         57
Opp of opp number:  43

WARNING:       missing or invalid games found in .tou
File:          /srv/dev/aardvark/2016/GBR/wexford16.tou
Division:      A
Errors:
   two players play player 18 in round 8
   missing player number 37 in round 8


ERROR:              opponent of opponent is not player
Files:              /srv/dev/aardvark/2016/GBR/wexford16
Division:           A
Round:              8
Player name:        Sam McElhinney
Player number:      10
Opp number:         18
Opp of opp number:  17

WARNING:       missing or invalid games found in .tou
File:          /srv/dev/aardvark/2016/MYS/causew16.tou
Division:      OPEN
Errors:
   two players play player 55 in round 1
   missing player number 47 in round 1
   two players play player 1 in round 39
   two players play player 54 in round 39
   missing player number 10 in round 39
   missing player number 13 in round 39


ERROR:              opponent of opponent is not player
Files:              /srv/dev/aardvark/2016/MYS/causew16
Division:           OPEN
Round:              39
Player name:        Guntur Muhd Rafly
Player number:      13
Opp number:         1
Opp of opp number:  1

WARNING:       missing or invalid games found in .tou
File:          /srv/dev/aardvark/2016/PHL/panagb16.tou
Division:      A
Errors:
   two players play player 3 in round 12
   missing player number 6 in round 12


ERROR:              opponent of opponent is not player
Files:              /srv/dev/aardvark/2016/PHL/panagb16
Division:           A
Round:              12
Player name:        Melvin Dalangin
Player number:      6
Opp number:         14
Opp of opp number:  3

WARNING:       missing or invalid games found in .tou
File:          /srv/dev/aardvark/2016/SGP/sgopen16.tou
Division:      BOXLA
Errors:
   two players play player 24 in round 16
   missing player number 6 in round 16
   two players play player 0 in round 17
   two players play player 0 in round 17
   two players play player 0 in round 17
   two players play player 0 in round 17
   two players play player 0 in round 17
   two players play player 0 in round 17
   two players play player 0 in round 17
   two players play player 0 in round 17
   two players play player 0 in round 17
   two players play player 0 in round 17
   two players play player 0 in round 17
   two players play player 0 in round 17
   two players play player 0 in round 17
   two players play player 0 in round 17
   two players play player 0 in round 17
   two players play player 0 in round 17
   two players play player 0 in round 17
   two players play player 0 in round 17
   two players play player 0 in round 17
   two players play player 0 in round 17
   two players play player 0 in round 17
   two players play player 0 in round 17
   missing player number 21 in round 17
   missing player number 7 in round 17
   missing player number 18 in round 17
   missing player number 16 in round 17
   missing player number 20 in round 17
   missing player number 10 in round 17
   missing player number 11 in round 17
   missing player number 12 in round 17
   missing player number 15 in round 17
   missing player number 19 in round 17
   missing player number 17 in round 17
   missing player number 2 in round 17
   missing player number 1 in round 17
   missing player number 14 in round 17
   missing player number 24 in round 17
   missing player number 23 in round 17
   missing player number 13 in round 17
   missing player number 6 in round 17
   missing player number 3 in round 17
   missing player number 9 in round 17
   missing player number 8 in round 17
   missing player number 4 in round 17
   missing player number 5 in round 17


ERROR:              opponent of opponent is not player
Files:              /srv/dev/aardvark/2016/SGP/sgopen16
Division:           BOXLA
Round:              17
Player name:        Lee Guan Hui
Player number:      10
Opp number:         undef
Opp of opp number:  undef

WARNING:       missing or invalid games found in .tou
File:          /srv/dev/aardvark/1997/USA/97wsc.tou
Division:      OPEN
Errors:
   two players play player 23 in round 4
   two players play player 7 in round 4
   missing player number 48 in round 4
   missing player number 75 in round 4
   two players play player 61 in round 14
   two players play player 28 in round 14
   missing player number 16 in round 14
   missing player number 6 in round 14


ERROR:              opponent of opponent is not player
Files:              /srv/dev/aardvark/1997/USA/97wsc
Division:           OPEN
Round:              4
Player name:        Shafique Thobani
Player number:      75
Opp number:         7
Opp of opp number:  23

WARNING:       missing or invalid games found in .tou
File:          /srv/dev/aardvark/2014/THA/prcup14.tou
Division:      B
Errors:
   two players play player 5 in round 1
   missing player number 10 in round 1


ERROR:              opponent of opponent is not player
Files:              /srv/dev/aardvark/2014/THA/prcup14
Division:           B
Round:              1
Player name:        Jiradet Lekhaworakul
Player number:      10
Opp number:         5
Opp of opp number:  11

WARNING:       missing or invalid games found in .tou
File:          /srv/dev/aardvark/2014/GBR/nthire02.tou
Division:      A
Errors:
   two players play player 12 in round 12
   missing player number 24 in round 12
   two players play player 12 in round 13
   missing player number 2 in round 13
   two players play player 12 in round 14
   missing player number 15 in round 14
   two players play player 12 in round 15
   missing player number 13 in round 15


ERROR:              opponent of opponent is not player
Files:              /srv/dev/aardvark/2014/GBR/nthire02
Division:           A
Round:              12
Player name:        John McCart
Player number:      24
Opp number:         12
Opp of opp number:  12

WARNING:       missing or invalid games found in .tou
File:          /srv/dev/aardvark/2000/THA/kcup0002.tou
Division:      OPEN
Errors:
   two players play player 13 in round 5
   missing player number 16 in round 5


ERROR:              opponent of opponent is not player
Files:              /srv/dev/aardvark/2000/THA/kcup0002
Division:           OPEN
Round:              5
Player name:        Vivian Penaflor
Player number:      16
Opp number:         23
Opp of opp number:  13

WARNING:       missing or invalid games found in .tou
File:          /srv/dev/aardvark/2000/BHR/rivoli.tou
Division:      DAY 1
Errors:
   two players play player 28 in round 1
   missing player number 26 in round 1


ERROR:              opponent of opponent is not player
Files:              /srv/dev/aardvark/2000/BHR/rivoli
Division:           DAY 1
Round:              1
Player name:        Mario Ranasuriya
Player number:      16
Opp number:         28
Opp of opp number:  15

WARNING:       missing or invalid games found in .tou
File:          /srv/dev/aardvark/2005/GBR/wsc20052.tou
Division:      W
Errors:
   two players play player 25 in round 9
   two players play player 61 in round 9
   missing player number 26 in round 9
   missing player number 62 in round 9


ERROR:              opponent of opponent is not player
Files:              /srv/dev/aardvark/2005/GBR/wsc20052
Division:           W
Round:              9
Player name:        Ralph Lobo
Player number:      62
Opp number:         61
Opp of opp number:  34

WARNING:       missing or invalid games found in .tou
File:          /srv/dev/aardvark/2005/MYS/cw05ratb.tou
Division:      OPEN
Errors:
   two players play player 45 in round 14
   missing player number 35 in round 14
   two players play player 32 in round 17
   missing player number 36 in round 17
   two players play player 35 in round 19
   missing player number 45 in round 19
   two players play player 36 in round 20
   missing player number 32 in round 20


ERROR:              opponent of opponent is not player
Files:              /srv/dev/aardvark/2005/MYS/cw05ratb
Division:           OPEN
Round:              19
Player name:        Vinesh Nair
Player number:      45
Opp number:         35
Opp of opp number:  35

WARNING:       missing or invalid games found in .tou
File:          /srv/dev/aardvark/2015/THA/pcup15fu.tou
Division:      A
Errors:
   two players play player 10 in round 16
   missing player number 4 in round 16
   missing player number 5 in round 16
   two players play player 5 in round 17
   missing player number 10 in round 17
   missing player number 4 in round 17
   two players play player 0 in round 18
   two players play player 16 in round 18
   two players play player 15 in round 18
   missing player number 14 in round 18
   missing player number 13 in round 18
   missing player number 4 in round 18
   missing player number 5 in round 18
   two players play player 0 in round 19
   two players play player 0 in round 19
   two players play player 0 in round 19
   missing player number 16 in round 19
   missing player number 15 in round 19
   missing player number 4 in round 19
   missing player number 5 in round 19


Division:      B
Errors:
   two players play player 6 in round 1
   missing player number 18 in round 1
   two players play player 15 in round 2
   two players play player 9 in round 2
   missing player number 19 in round 2
   missing player number 6 in round 2
   two players play player 7 in round 3
   missing player number 15 in round 3
   missing player number 19 in round 3
   two players play player 17 in round 4
   two players play player 1 in round 4
   missing player number 7 in round 4
   missing player number 10 in round 4
   missing player number 9 in round 4
   two players play player 3 in round 5
   two players play player 11 in round 5
   missing player number 19 in round 5
   missing player number 17 in round 5
   missing player number 1 in round 5
   two players play player 16 in round 6
   two players play player 9 in round 6
   missing player number 11 in round 6
   missing player number 19 in round 6
   missing player number 3 in round 6
   two players play player 20 in round 7
   two players play player 3 in round 7
   missing player number 16 in round 7
   missing player number 19 in round 7
   missing player number 9 in round 7
   two players play player 5 in round 8
   two players play player 14 in round 8
   missing player number 20 in round 8
   missing player number 19 in round 8
   missing player number 3 in round 8
   two players play player 9 in round 9
   two players play player 9 in round 9
   two players play player 12 in round 9
   two players play player 24 in round 9
   missing player number 19 in round 9
   missing player number 17 in round 9
   missing player number 14 in round 9
   missing player number 13 in round 9
   missing player number 5 in round 9
   two players play player 2 in round 10
   two players play player 24 in round 10
   two players play player 16 in round 10
   two players play player 7 in round 10
   missing player number 12 in round 10
   missing player number 19 in round 10
   missing player number 17 in round 10
   missing player number 13 in round 10
   missing player number 9 in round 10
   two players play player 20 in round 11
   two players play player 11 in round 11
   two players play player 24 in round 11
   two players play player 8 in round 11
   missing player number 7 in round 11
   missing player number 19 in round 11
   missing player number 17 in round 11
   missing player number 2 in round 11
   missing player number 13 in round 11
   two players play player 20 in round 12
   two players play player 17 in round 12
   two players play player 12 in round 12
   two players play player 15 in round 12
   two players play player 24 in round 12
   missing player number 16 in round 12
   missing player number 11 in round 12
   missing player number 19 in round 12
   missing player number 13 in round 12
   missing player number 9 in round 12
   missing player number 8 in round 12
   two players play player 6 in round 13
   two players play player 14 in round 13
   two players play player 24 in round 13
   two players play player 10 in round 13
   missing player number 20 in round 13
   missing player number 19 in round 13
   missing player number 17 in round 13
   missing player number 2 in round 13
   missing player number 13 in round 13
   two players play player 2 in round 14
   two players play player 3 in round 14
   two players play player 3 in round 14
   two players play player 24 in round 14
   missing player number 20 in round 14
   missing player number 19 in round 14
   missing player number 14 in round 14
   missing player number 13 in round 14
   missing player number 6 in round 14
   two players play player 20 in round 15
   two players play player 8 in round 15
   two players play player 24 in round 15
   two players play player 1 in round 15
   two players play player 11 in round 15
   missing player number 16 in round 15
   missing player number 19 in round 15
   missing player number 2 in round 15
   missing player number 13 in round 15
   missing player number 3 in round 15
   missing player number 9 in round 15
   two players play player 14 in round 16
   two players play player 16 in round 16
   two players play player 24 in round 16
   two players play player 9 in round 16
   two players play player 7 in round 16
   missing player number 12 in round 16
   missing player number 15 in round 16
   missing player number 19 in round 16
   missing player number 1 in round 16
   missing player number 13 in round 16
   missing player number 4 in round 16
   two players play player 24 in round 17
   two players play player 1 in round 17
   two players play player 24 in round 17
   two players play player 15 in round 17
   two players play player 24 in round 17
   two players play player 5 in round 17
   missing player number 16 in round 17
   missing player number 19 in round 17
   missing player number 14 in round 17
   missing player number 13 in round 17
   missing player number 9 in round 17
   missing player number 8 in round 17
   missing player number 4 in round 17
   two players play player 24 in round 18
   two players play player 16 in round 18
   two players play player 24 in round 18
   two players play player 9 in round 18
   two players play player 24 in round 18
   two players play player 8 in round 18
   two players play player 24 in round 18
   two players play player 12 in round 18
   missing player number 10 in round 18
   missing player number 11 in round 18
   missing player number 15 in round 18
   missing player number 19 in round 18
   missing player number 13 in round 18
   missing player number 6 in round 18
   missing player number 3 in round 18
   missing player number 4 in round 18
   missing player number 5 in round 18
   two players play player 24 in round 19
   two players play player 24 in round 19
   two players play player 24 in round 19
   two players play player 24 in round 19
   two players play player 24 in round 19
   two players play player 24 in round 19
   two players play player 24 in round 19
   two players play player 24 in round 19
   two players play player 24 in round 19
   missing player number 7 in round 19
   missing player number 16 in round 19
   missing player number 20 in round 19
   missing player number 12 in round 19
   missing player number 19 in round 19
   missing player number 1 in round 19
   missing player number 13 in round 19
   missing player number 6 in round 19
   missing player number 9 in round 19
   missing player number 8 in round 19


ERROR:              opponent of opponent is not player
Files:              /srv/dev/aardvark/2015/THA/pcup15fu
Division:           B
Round:              5
Player name:        Tawanjames Barwell
Player number:      17
Opp number:         10
Opp of opp number:  3

WARNING:       missing or invalid games found in .tou
File:          /srv/dev/aardvark/2015/THA/pcup15fuold.tou
Division:      A
Errors:
   two players play player 10 in round 16
   missing player number 4 in round 16
   missing player number 5 in round 16
   two players play player 5 in round 17
   missing player number 10 in round 17
   missing player number 4 in round 17
   two players play player 0 in round 18
   two players play player 16 in round 18
   two players play player 15 in round 18
   missing player number 14 in round 18
   missing player number 13 in round 18
   missing player number 4 in round 18
   missing player number 5 in round 18
   two players play player 0 in round 19
   two players play player 0 in round 19
   two players play player 0 in round 19
   missing player number 16 in round 19
   missing player number 15 in round 19
   missing player number 4 in round 19
   missing player number 5 in round 19


Division:      B
Errors:
   two players play player 6 in round 1
   missing player number 18 in round 1
   two players play player 15 in round 2
   two players play player 9 in round 2
   missing player number 19 in round 2
   missing player number 6 in round 2
   two players play player 7 in round 3
   missing player number 15 in round 3
   missing player number 19 in round 3
   two players play player 17 in round 4
   two players play player 1 in round 4
   missing player number 7 in round 4
   missing player number 10 in round 4
   missing player number 9 in round 4
   two players play player 3 in round 5
   two players play player 11 in round 5
   missing player number 19 in round 5
   missing player number 17 in round 5
   missing player number 1 in round 5
   two players play player 16 in round 6
   two players play player 9 in round 6
   missing player number 11 in round 6
   missing player number 19 in round 6
   missing player number 3 in round 6
   two players play player 20 in round 7
   two players play player 3 in round 7
   missing player number 16 in round 7
   missing player number 19 in round 7
   missing player number 9 in round 7
   two players play player 5 in round 8
   two players play player 14 in round 8
   missing player number 20 in round 8
   missing player number 19 in round 8
   missing player number 3 in round 8
   two players play player 9 in round 9
   two players play player 9 in round 9
   two players play player 12 in round 9
   two players play player 24 in round 9
   missing player number 19 in round 9
   missing player number 17 in round 9
   missing player number 14 in round 9
   missing player number 13 in round 9
   missing player number 5 in round 9
   two players play player 2 in round 10
   two players play player 24 in round 10
   two players play player 16 in round 10
   two players play player 7 in round 10
   missing player number 12 in round 10
   missing player number 19 in round 10
   missing player number 17 in round 10
   missing player number 13 in round 10
   missing player number 9 in round 10
   two players play player 20 in round 11
   two players play player 11 in round 11
   two players play player 24 in round 11
   two players play player 8 in round 11
   missing player number 7 in round 11
   missing player number 19 in round 11
   missing player number 17 in round 11
   missing player number 2 in round 11
   missing player number 13 in round 11
   two players play player 20 in round 12
   two players play player 17 in round 12
   two players play player 12 in round 12
   two players play player 15 in round 12
   two players play player 24 in round 12
   missing player number 16 in round 12
   missing player number 11 in round 12
   missing player number 19 in round 12
   missing player number 13 in round 12
   missing player number 9 in round 12
   missing player number 8 in round 12
   two players play player 6 in round 13
   two players play player 14 in round 13
   two players play player 24 in round 13
   two players play player 10 in round 13
   missing player number 20 in round 13
   missing player number 19 in round 13
   missing player number 17 in round 13
   missing player number 2 in round 13
   missing player number 13 in round 13
   two players play player 2 in round 14
   two players play player 3 in round 14
   two players play player 3 in round 14
   two players play player 24 in round 14
   missing player number 20 in round 14
   missing player number 19 in round 14
   missing player number 14 in round 14
   missing player number 13 in round 14
   missing player number 6 in round 14
   two players play player 20 in round 15
   two players play player 8 in round 15
   two players play player 24 in round 15
   two players play player 1 in round 15
   two players play player 11 in round 15
   missing player number 16 in round 15
   missing player number 19 in round 15
   missing player number 2 in round 15
   missing player number 13 in round 15
   missing player number 3 in round 15
   missing player number 9 in round 15
   two players play player 14 in round 16
   two players play player 16 in round 16
   two players play player 24 in round 16
   two players play player 9 in round 16
   two players play player 7 in round 16
   missing player number 12 in round 16
   missing player number 15 in round 16
   missing player number 19 in round 16
   missing player number 1 in round 16
   missing player number 13 in round 16
   missing player number 4 in round 16
   two players play player 24 in round 17
   two players play player 1 in round 17
   two players play player 24 in round 17
   two players play player 15 in round 17
   two players play player 24 in round 17
   two players play player 5 in round 17
   missing player number 16 in round 17
   missing player number 19 in round 17
   missing player number 14 in round 17
   missing player number 13 in round 17
   missing player number 9 in round 17
   missing player number 8 in round 17
   missing player number 4 in round 17
   two players play player 24 in round 18
   two players play player 16 in round 18
   two players play player 24 in round 18
   two players play player 9 in round 18
   two players play player 24 in round 18
   two players play player 8 in round 18
   two players play player 24 in round 18
   two players play player 12 in round 18
   missing player number 10 in round 18
   missing player number 11 in round 18
   missing player number 15 in round 18
   missing player number 19 in round 18
   missing player number 13 in round 18
   missing player number 6 in round 18
   missing player number 3 in round 18
   missing player number 4 in round 18
   missing player number 5 in round 18
   two players play player 24 in round 19
   two players play player 24 in round 19
   two players play player 24 in round 19
   two players play player 24 in round 19
   two players play player 24 in round 19
   two players play player 24 in round 19
   two players play player 24 in round 19
   two players play player 24 in round 19
   two players play player 24 in round 19
   missing player number 7 in round 19
   missing player number 16 in round 19
   missing player number 20 in round 19
   missing player number 12 in round 19
   missing player number 19 in round 19
   missing player number 1 in round 19
   missing player number 13 in round 19
   missing player number 6 in round 19
   missing player number 9 in round 19
   missing player number 8 in round 19


ERROR:  Missing .STS or .STA file
File:   /srv/dev/aardvark/2015/THA/pcup15fuold

WARNING:       missing or invalid games found in .tou
File:          /srv/dev/aardvark/2013/PAK/pak2013.tou
Division:      M
Errors:
   two players play player 32 in round 13
   missing player number 29 in round 13


ERROR:              opponent of opponent is not player
Files:              /srv/dev/aardvark/2013/PAK/pak2013
Division:           M
Round:              13
Player name:        Hasham Hadi Khan
Player number:      29
Opp number:         32
Opp of opp number:  4

ERROR:         Malformed opponent number or player score
File:          /srv/dev/aardvark/2013/MLT/eurch13.tou
Opp number :   45
Player score:  2-10
Games played:  32
Line:          Breda O'Brien        2444 +18  291   2 2476 +12 2333  28 2448 +38  315  13  375   4  408 +19 2477 +11  337  31 2397 +26  354  14  368 +34  366  16  345 +42 2394  44 2-10  45  324 +21 2381  32  332  24 2421 +33  366  27 2545 +41  398 +37  352  40 2378 +43  375  35 2458 +36 2506 +39  270  20 2382  40 2390 +16

ERROR:  Missing .STS or .STA file
File:   /srv/dev/aardvark/2017/OMN/sparom17

WARNING:       missing or invalid games found in .tou
File:          /srv/dev/aardvark/2017/IND/capgem17.tou
Division:      A
Errors:
   two players play player 22 in round 29
   missing player number 26 in round 29


ERROR:              opponent of opponent is not player
Files:              /srv/dev/aardvark/2017/IND/capgem17
Division:           A
Round:              29
Player name:        Mohsin Ahmed
Player number:      26
Opp number:         22
Opp of opp number:  12

WARNING:       missing or invalid games found in .tou
File:          /srv/dev/aardvark/2017/HKG/hkscma17.tou
Division:      A
Errors:
   two players play player 6 in round 3
   missing player number 14 in round 3
   two players play player 16 in round 5
   missing player number 40 in round 5
   two players play player 24 in round 6
   missing player number 32 in round 6
   two players play player 34 in round 7
   missing player number 77 in round 7
   two players play player 44 in round 8
   missing player number 13 in round 8


ERROR:              opponent of opponent is not player
Files:              /srv/dev/aardvark/2017/HKG/hkscma17
Division:           A
Round:              7
Player name:        Felix Kwok
Player number:      77
Opp number:         7
Opp of opp number:  34

WARNING:       missing or invalid games found in .tou
File:          /srv/dev/aardvark/2017/NGA/MGI2017.tou
Division:      MASTERS
Errors:
   two players play player 29 in round 5
   two players play player 17 in round 5
   missing player number 37 in round 5
   missing player number 34 in round 5


ERROR:              opponent of opponent is not player
Files:              /srv/dev/aardvark/2017/NGA/MGI2017
Division:           MASTERS
Round:              5
Player name:        Akinfemisoye Ayomipo
Player number:      37
Opp number:         17
Opp of opp number:  29

WARNING:       missing or invalid games found in .tou
File:          /srv/dev/aardvark/2011/MYS/11CAUSE.tou
Division:      MASTERS
Errors:
   two players play player 54 in round 1
   two players play player 55 in round 1
   two players play player 39 in round 1
   two players play player 14 in round 1
   two players play player 52 in round 1
   missing player number 18 in round 1
   missing player number 23 in round 1
   missing player number 43 in round 1
   missing player number 48 in round 1
   missing player number 51 in round 1


ERROR:              opponent of opponent is not player
Files:              /srv/dev/aardvark/2011/MYS/11CAUSE
Division:           MASTERS
Round:              1
Player name:        Shahzaib Khatri
Player number:      51
Opp number:         6
Opp of opp number:  35

ERROR:  Missing .STS or .STA file
File:   /srv/dev/aardvark/2009/GBR/ni2009

WARNING:       missing or invalid games found in .tou
File:          /srv/dev/aardvark/2012/THA/prcup12.tou
Division:      A
Errors:
   two players play player 100 in round 6
   missing player number 5 in round 6
   missing player number 4 in round 6
   two players play player 70 in round 7
   missing player number 5 in round 7
   missing player number 100 in round 7
   missing player number 4 in round 7
   two players play player 70 in round 8
   missing player number 5 in round 8
   missing player number 100 in round 8
   missing player number 4 in round 8
   two players play player 70 in round 9
   missing player number 5 in round 9
   missing player number 100 in round 9
   missing player number 4 in round 9
   two players play player 70 in round 10
   missing player number 5 in round 10
   missing player number 100 in round 10
   missing player number 4 in round 10
   two players play player 70 in round 11
   missing player number 5 in round 11
   missing player number 100 in round 11
   missing player number 4 in round 11
   two players play player 70 in round 12
   two players play player 11 in round 12
   missing player number 24 in round 12
   missing player number 5 in round 12
   missing player number 100 in round 12
   missing player number 4 in round 12
   two players play player 70 in round 13
   missing player number 5 in round 13
   missing player number 100 in round 13
   missing player number 4 in round 13
   two players play player 70 in round 14
   missing player number 5 in round 14
   missing player number 100 in round 14
   missing player number 4 in round 14
   two players play player 70 in round 15
   missing player number 5 in round 15
   missing player number 100 in round 15
   missing player number 4 in round 15


ERROR:              opponent of opponent is not player
Files:              /srv/dev/aardvark/2012/THA/prcup12
Division:           A
Round:              12
Player name:        Amnuay Ploysangngam
Player number:      24
Opp number:         11
Opp of opp number:  1

ERROR:  Missing .STS or .STA file
File:   /srv/dev/aardvark/2012/CZE/copymsimaine

WARNING:       missing or invalid games found in .tou
File:          /srv/dev/aardvark/2006/MYS/caus2006.tou
Division:      OPEN
Errors:
   two players play player 26 in round 4
   two players play player 2 in round 4
   missing player number 44 in round 4
   missing player number 4 in round 4
   two players play player 20 in round 5
   missing player number 2 in round 5
   two players play player 15 in round 6
   two players play player 25 in round 6
   missing player number 20 in round 6
   missing player number 26 in round 6
   two players play player 65 in round 7
   two players play player 48 in round 7
   missing player number 15 in round 7
   missing player number 25 in round 7
   two players play player 64 in round 8
   two players play player 6 in round 8
   missing player number 65 in round 8
   missing player number 48 in round 8
   two players play player 8 in round 9
   two players play player 32 in round 9
   missing player number 64 in round 9
   missing player number 6 in round 9
   two players play player 19 in round 10
   two players play player 7 in round 10
   missing player number 32 in round 10
   missing player number 8 in round 10
   two players play player 43 in round 11
   two players play player 16 in round 11
   missing player number 7 in round 11
   missing player number 19 in round 11
   two players play player 12 in round 12
   two players play player 63 in round 12
   missing player number 16 in round 12
   missing player number 43 in round 12
   two players play player 43 in round 13
   two players play player 48 in round 13
   missing player number 63 in round 13
   missing player number 12 in round 13
   two players play player 7 in round 14
   two players play player 19 in round 14
   missing player number 43 in round 14
   missing player number 48 in round 14
   two players play player 2 in round 15
   two players play player 60 in round 15
   missing player number 7 in round 15
   missing player number 19 in round 15
   two players play player 28 in round 16
   two players play player 27 in round 16
   missing player number 60 in round 16
   missing player number 2 in round 16
   two players play player 43 in round 17
   two players play player 63 in round 17
   missing player number 27 in round 17
   missing player number 28 in round 17
   two players play player 7 in round 18
   two players play player 29 in round 18
   missing player number 43 in round 18
   missing player number 63 in round 18
   two players play player 17 in round 19
   two players play player 9 in round 19
   missing player number 29 in round 19
   missing player number 7 in round 19
   two players play player 4 in round 20
   two players play player 44 in round 20
   missing player number 17 in round 20
   missing player number 9 in round 20


ERROR:              opponent of opponent is not player
Files:              /srv/dev/aardvark/2006/MYS/caus2006
Division:           OPEN
Round:              13
Player name:        Robbie Onate
Player number:      12
Opp number:         4
Opp of opp number:  43

WARNING:       missing or invalid games found in .tou
File:          /srv/dev/aardvark/2008/THA/kc08rn.tou
Division:      OPEN
Errors:
   two players play player 1 in round 5
   missing player number 71 in round 5
   two players play player 17 in round 11
   missing player number 88 in round 11


ERROR:              opponent of opponent is not player
Files:              /srv/dev/aardvark/2008/THA/kc08rn
Division:           OPEN
Round:              11
Player name:        Ying Yong
Player number:      88
Opp number:         14
Opp of opp number:  17

ERROR:  Missing .STS or .STA file
File:   /srv/dev/aardvark/2008/MYS/Copy of 2008csc

ERROR:  Missing .STS or .STA file
File:   /srv/dev/aardvark/2008/MYS/OPEN2_33

WARNING:       missing or invalid games found in .tou
File:          /srv/dev/aardvark/1993/USA/wsc93.tou
Division:      PRELIM  ARY ROUNDS
Errors:
   two players play player 10 in round 13
   missing player number 52 in round 13


ERROR:              opponent of opponent is not player
Files:              /srv/dev/aardvark/1993/USA/wsc93
Division:           PRELIM  ARY ROUNDS
Round:              13
Player name:        Amirali Alimohamed
Player number:      1
Opp number:         10
Opp of opp number:  53

WARNING:       missing or invalid games found in .tou
File:          /srv/dev/aardvark/1993/USA/wsc93end.tou
Division:      LAST 3 ROUNDS
Errors:
   two players play player 10 in round 3
   two players play player 32 in round 3
   missing player number 55 in round 3
   missing player number 43 in round 3


ERROR:              opponent of opponent is not player
Files:              /srv/dev/aardvark/1993/USA/wsc93end
Division:           LAST 3 ROUNDS
Round:              3
Player name:        Paloma Raychbart
Player number:      43
Opp number:         10
Opp of opp number:  32

WARNING:       missing or invalid games found in .tou
File:          /srv/dev/aardvark/2018/ARE/wyc2018.tou
Division:      YOUTH
Errors:
   two players play player 108 in round 1
   missing player number 94 in round 1


ERROR:              opponent of opponent is not player
Files:              /srv/dev/aardvark/2018/ARE/wyc2018
Division:           YOUTH
Round:              1
Player name:        Ushara De Silva
Player number:      94
Opp number:         70
Opp of opp number:  108

WARNING:       missing or invalid games found in .tou
File:          /srv/dev/aardvark/2018/IND/capgem18.tou
Division:      B
Errors:
   two players play player 48 in round 33
   missing player number 47 in round 33


ERROR:              opponent of opponent is not player
Files:              /srv/dev/aardvark/2018/IND/capgem18
Division:           B
Round:              33
Player name:        Surbhi Goel
Player number:      47
Opp number:         48
Opp of opp number:  45

WARNING:       missing or invalid games found in .tou
File:          /srv/dev/aardvark/2018/GBR/mwsc2018.tou
Division:      B
Errors:
   missing player number 5 in round 1
   missing player number 2433 in round 2
   missing player number 10 in round 2
   missing player number 23 in round 3
   missing player number 2433 in round 3
   missing player number 373 in round 3
   missing player number 32 in round 4
   missing player number 2351 in round 4
   missing player number 2433 in round 4
   missing player number 373 in round 4
   missing player number 2351 in round 5
   missing player number 2375 in round 5
   missing player number 21 in round 5
   missing player number 2433 in round 5
   missing player number 373 in round 5
   missing player number 2351 in round 6
   missing player number 2375 in round 6
   missing player number 2433 in round 6
   missing player number 330 in round 6
   missing player number 373 in round 6
   missing player number 34 in round 6
   missing player number 31 in round 7
   missing player number 2506 in round 7
   missing player number 2351 in round 7
   missing player number 2375 in round 7
   missing player number 2433 in round 7
   missing player number 330 in round 7
   missing player number 373 in round 7
   missing player number 27 in round 8
   missing player number 2506 in round 8
   missing player number 2351 in round 8
   missing player number 2375 in round 8
   missing player number 2433 in round 8
   missing player number 330 in round 8
   missing player number 304 in round 8
   missing player number 373 in round 8
   missing player number 2506 in round 9
   missing player number 2351 in round 9
   missing player number 2375 in round 9
   missing player number 2433 in round 9
   missing player number 330 in round 9
   missing player number 304 in round 9
   missing player number 322 in round 9
   missing player number 373 in round 9
   missing player number 13 in round 9
   missing player number 29 in round 10
   missing player number 2506 in round 10
   missing player number 2351 in round 10
   missing player number 2375 in round 10
   missing player number 367 in round 10
   missing player number 2433 in round 10
   missing player number 330 in round 10
   missing player number 304 in round 10
   missing player number 322 in round 10
   missing player number 373 in round 10
   missing player number 343 in round 11
   missing player number 2506 in round 11
   missing player number 2351 in round 11
   missing player number 2375 in round 11
   missing player number 367 in round 11
   missing player number 2433 in round 11
   missing player number 330 in round 11
   missing player number 304 in round 11
   missing player number 322 in round 11
   missing player number 373 in round 11
   missing player number 22 in round 11
   missing player number 343 in round 12
   missing player number 350 in round 12
   missing player number 2506 in round 12
   missing player number 2351 in round 12
   missing player number 2375 in round 12
   missing player number 367 in round 12
   missing player number 37 in round 12
   missing player number 2433 in round 12
   missing player number 330 in round 12
   missing player number 304 in round 12
   missing player number 322 in round 12
   missing player number 373 in round 12
   missing player number 2001 in round 13
   missing player number 343 in round 13
   missing player number 350 in round 13
   missing player number 2506 in round 13
   missing player number 2351 in round 13
   missing player number 2375 in round 13
   missing player number 367 in round 13
   missing player number 2433 in round 13
   missing player number 330 in round 13
   missing player number 304 in round 13
   missing player number 322 in round 13
   missing player number 373 in round 13
   missing player number 38 in round 13
   missing player number 2001 in round 14
   missing player number 343 in round 14
   missing player number 350 in round 14
   missing player number 2506 in round 14
   missing player number 2351 in round 14
   missing player number 2375 in round 14
   missing player number 282 in round 14
   missing player number 367 in round 14
   missing player number 2433 in round 14
   missing player number 330 in round 14
   missing player number 304 in round 14
   missing player number 322 in round 14
   missing player number 30 in round 14
   missing player number 373 in round 14
   missing player number 2001 in round 15
   missing player number 343 in round 15
   missing player number 350 in round 15
   missing player number 2506 in round 15
   missing player number 2351 in round 15
   missing player number 2375 in round 15
   missing player number 282 in round 15
   missing player number 367 in round 15
   missing player number 33 in round 15
   missing player number 2433 in round 15
   missing player number 330 in round 15
   missing player number 295 in round 15
   missing player number 304 in round 15
   missing player number 322 in round 15
   missing player number 373 in round 15
   missing player number 2001 in round 16
   missing player number 343 in round 16
   missing player number 350 in round 16
   missing player number 382 in round 16
   missing player number 2506 in round 16
   missing player number 2351 in round 16
   missing player number 2375 in round 16
   missing player number 282 in round 16
   missing player number 367 in round 16
   missing player number 26 in round 16
   missing player number 2433 in round 16
   missing player number 330 in round 16
   missing player number 295 in round 16
   missing player number 304 in round 16
   missing player number 322 in round 16
   missing player number 373 in round 16
   missing player number 2001 in round 17
   missing player number 343 in round 17
   missing player number 35 in round 17
   missing player number 350 in round 17
   missing player number 382 in round 17
   missing player number 2506 in round 17
   missing player number 2351 in round 17
   missing player number 2375 in round 17
   missing player number 282 in round 17
   missing player number 367 in round 17
   missing player number 2433 in round 17
   missing player number 330 in round 17
   missing player number 295 in round 17
   missing player number 304 in round 17
   missing player number 2371 in round 17
   missing player number 322 in round 17
   missing player number 373 in round 17
   missing player number 343 in round 18
   missing player number 350 in round 18
   missing player number 382 in round 18
   missing player number 2506 in round 18
   missing player number 2351 in round 18
   missing player number 2375 in round 18
   missing player number 282 in round 18
   missing player number 367 in round 18
   missing player number 2433 in round 18
   missing player number 330 in round 18
   missing player number 295 in round 18
   missing player number 304 in round 18
   missing player number 2364 in round 18
   missing player number 2371 in round 18
   missing player number 322 in round 18
   missing player number 373 in round 18
   missing player number 36 in round 18
   missing player number 2001 in round 19
   missing player number 343 in round 19
   missing player number 350 in round 19
   missing player number 382 in round 19
   missing player number 2506 in round 19
   missing player number 2351 in round 19
   missing player number 2375 in round 19
   missing player number 282 in round 19
   missing player number 367 in round 19
   missing player number 2433 in round 19
   missing player number 330 in round 19
   missing player number 295 in round 19
   missing player number 304 in round 19
   missing player number 2364 in round 19
   missing player number 2371 in round 19
   missing player number 322 in round 19
   missing player number 373 in round 19
   missing player number 38 in round 19
   missing player number 2001 in round 20
   missing player number 20 in round 20
   missing player number 343 in round 20
   missing player number 350 in round 20
   missing player number 382 in round 20
   missing player number 2506 in round 20
   missing player number 340 in round 20
   missing player number 2351 in round 20
   missing player number 2375 in round 20
   missing player number 282 in round 20
   missing player number 367 in round 20
   missing player number 2433 in round 20
   missing player number 330 in round 20
   missing player number 295 in round 20
   missing player number 304 in round 20
   missing player number 2364 in round 20
   missing player number 2371 in round 20
   missing player number 322 in round 20
   missing player number 373 in round 20
   missing player number 2001 in round 21
   missing player number 343 in round 21
   missing player number 350 in round 21
   missing player number 382 in round 21
   missing player number 2506 in round 21
   missing player number 340 in round 21
   missing player number 2351 in round 21
   missing player number 17 in round 21
   missing player number 2375 in round 21
   missing player number 282 in round 21
   missing player number 364 in round 21
   missing player number 367 in round 21
   missing player number 2433 in round 21
   missing player number 330 in round 21
   missing player number 295 in round 21
   missing player number 304 in round 21
   missing player number 2364 in round 21
   missing player number 2371 in round 21
   missing player number 322 in round 21
   missing player number 373 in round 21
   missing player number 2001 in round 22
   missing player number 343 in round 22
   missing player number 350 in round 22
   missing player number 382 in round 22
   missing player number 2506 in round 22
   missing player number 340 in round 22
   missing player number 2351 in round 22
   missing player number 2375 in round 22
   missing player number 282 in round 22
   missing player number 388 in round 22
   missing player number 364 in round 22
   missing player number 367 in round 22
   missing player number 2433 in round 22
   missing player number 330 in round 22
   missing player number 295 in round 22
   missing player number 304 in round 22
   missing player number 2364 in round 22
   missing player number 2371 in round 22
   missing player number 322 in round 22
   missing player number 25 in round 22
   missing player number 373 in round 22
   missing player number 2001 in round 23
   missing player number 343 in round 23
   missing player number 350 in round 23
   missing player number 15 in round 23
   missing player number 382 in round 23
   missing player number 2506 in round 23
   missing player number 340 in round 23
   missing player number 2351 in round 23
   missing player number 2375 in round 23
   missing player number 344 in round 23
   missing player number 388 in round 23
   missing player number 364 in round 23
   missing player number 367 in round 23
   missing player number 2433 in round 23
   missing player number 330 in round 23
   missing player number 295 in round 23
   missing player number 304 in round 23
   missing player number 2364 in round 23
   missing player number 2371 in round 23
   missing player number 322 in round 23
   missing player number 373 in round 23
   missing player number 2001 in round 24
   missing player number 343 in round 24
   missing player number 350 in round 24
   missing player number 382 in round 24
   missing player number 2506 in round 24
   missing player number 340 in round 24
   missing player number 2351 in round 24
   missing player number 2375 in round 24
   missing player number 282 in round 24
   missing player number 344 in round 24
   missing player number 388 in round 24
   missing player number 364 in round 24
   missing player number 367 in round 24
   missing player number 2433 in round 24
   missing player number 330 in round 24
   missing player number 295 in round 24
   missing player number 304 in round 24
   missing player number 2364 in round 24
   missing player number 19 in round 24
   missing player number 2371 in round 24
   missing player number 322 in round 24
   missing player number 373 in round 24
   missing player number 2001 in round 25
   missing player number 343 in round 25
   missing player number 350 in round 25
   missing player number 382 in round 25
   missing player number 2506 in round 25
   missing player number 340 in round 25
   missing player number 2351 in round 25
   missing player number 14 in round 25
   missing player number 2375 in round 25
   missing player number 282 in round 25
   missing player number 344 in round 25
   missing player number 388 in round 25
   missing player number 364 in round 25
   missing player number 326 in round 25
   missing player number 367 in round 25
   missing player number 2433 in round 25
   missing player number 330 in round 25
   missing player number 295 in round 25
   missing player number 304 in round 25
   missing player number 2364 in round 25
   missing player number 2371 in round 25
   missing player number 322 in round 25
   missing player number 373 in round 25
   missing player number 2001 in round 26
   missing player number 343 in round 26
   missing player number 350 in round 26
   missing player number 382 in round 26
   missing player number 2506 in round 26
   missing player number 2351 in round 26
   missing player number 2375 in round 26
   missing player number 282 in round 26
   missing player number 344 in round 26
   missing player number 388 in round 26
   missing player number 364 in round 26
   missing player number 326 in round 26
   missing player number 367 in round 26
   missing player number 2433 in round 26
   missing player number 330 in round 26
   missing player number 295 in round 26
   missing player number 304 in round 26
   missing player number 39 in round 26
   missing player number 2364 in round 26
   missing player number 2371 in round 26
   missing player number 322 in round 26
   missing player number 375 in round 26
   missing player number 373 in round 26
   missing player number 2001 in round 27
   missing player number 343 in round 27
   missing player number 350 in round 27
   missing player number 382 in round 27
   missing player number 2506 in round 27
   missing player number 340 in round 27
   missing player number 2351 in round 27
   missing player number 2375 in round 27
   missing player number 282 in round 27
   missing player number 344 in round 27
   missing player number 388 in round 27
   missing player number 364 in round 27
   missing player number 326 in round 27
   missing player number 367 in round 27
   missing player number 8 in round 27
   missing player number 2433 in round 27
   missing player number 330 in round 27
   missing player number 295 in round 27
   missing player number 304 in round 27
   missing player number 2364 in round 27
   missing player number 2371 in round 27
   missing player number 322 in round 27
   missing player number 375 in round 27
   missing player number 373 in round 27
   missing player number 2001 in round 28
   missing player number 343 in round 28
   missing player number 35 in round 28
   missing player number 350 in round 28
   missing player number 382 in round 28
   missing player number 2506 in round 28
   missing player number 340 in round 28
   missing player number 2351 in round 28
   missing player number 2381 in round 28
   missing player number 2375 in round 28
   missing player number 282 in round 28
   missing player number 344 in round 28
   missing player number 388 in round 28
   missing player number 364 in round 28
   missing player number 326 in round 28
   missing player number 367 in round 28
   missing player number 2433 in round 28
   missing player number 330 in round 28
   missing player number 295 in round 28
   missing player number 304 in round 28
   missing player number 2364 in round 28
   missing player number 2371 in round 28
   missing player number 322 in round 28
   missing player number 375 in round 28
   missing player number 373 in round 28
   missing player number 2001 in round 29
   missing player number 343 in round 29
   missing player number 350 in round 29
   missing player number 382 in round 29
   missing player number 2506 in round 29
   missing player number 340 in round 29
   missing player number 2351 in round 29
   missing player number 348 in round 29
   missing player number 2381 in round 29
   missing player number 2375 in round 29
   missing player number 282 in round 29
   missing player number 344 in round 29
   missing player number 388 in round 29
   missing player number 364 in round 29
   missing player number 326 in round 29
   missing player number 367 in round 29
   missing player number 33 in round 29
   missing player number 2433 in round 29
   missing player number 330 in round 29
   missing player number 295 in round 29
   missing player number 304 in round 29
   missing player number 2364 in round 29
   missing player number 2371 in round 29
   missing player number 322 in round 29
   missing player number 375 in round 29
   missing player number 373 in round 29
   missing player number 2001 in round 30
   missing player number 343 in round 30
   missing player number 350 in round 30
   missing player number 382 in round 30
   missing player number 2506 in round 30
   missing player number 340 in round 30
   missing player number 2351 in round 30
   missing player number 348 in round 30
   missing player number 2381 in round 30
   missing player number 2375 in round 30
   missing player number 282 in round 30
   missing player number 344 in round 30
   missing player number 388 in round 30
   missing player number 364 in round 30
   missing player number 326 in round 30
   missing player number 367 in round 30
   missing player number 2433 in round 30
   missing player number 330 in round 30
   missing player number 295 in round 30
   missing player number 304 in round 30
   missing player number 2364 in round 30
   missing player number 2435 in round 30
   missing player number 2371 in round 30
   missing player number 322 in round 30
   missing player number 375 in round 30
   missing player number 373 in round 30
   missing player number 36 in round 30
   missing player number 2001 in round 31
   missing player number 343 in round 31
   missing player number 350 in round 31
   missing player number 382 in round 31
   missing player number 2506 in round 31
   missing player number 340 in round 31
   missing player number 2351 in round 31
   missing player number 339 in round 31
   missing player number 348 in round 31
   missing player number 2381 in round 31
   missing player number 2375 in round 31
   missing player number 282 in round 31
   missing player number 344 in round 31
   missing player number 388 in round 31
   missing player number 364 in round 31
   missing player number 326 in round 31
   missing player number 367 in round 31
   missing player number 21 in round 31
   missing player number 2433 in round 31
   missing player number 330 in round 31
   missing player number 295 in round 31
   missing player number 304 in round 31
   missing player number 2364 in round 31
   missing player number 2435 in round 31
   missing player number 2371 in round 31
   missing player number 322 in round 31
   missing player number 375 in round 31
   missing player number 373 in round 31
   missing player number 32 in round 32
   missing player number 2001 in round 32
   missing player number 343 in round 32
   missing player number 350 in round 32
   missing player number 2445 in round 32
   missing player number 382 in round 32
   missing player number 2506 in round 32
   missing player number 340 in round 32
   missing player number 2351 in round 32
   missing player number 339 in round 32
   missing player number 348 in round 32
   missing player number 2381 in round 32
   missing player number 2375 in round 32
   missing player number 282 in round 32
   missing player number 344 in round 32
   missing player number 388 in round 32
   missing player number 364 in round 32
   missing player number 326 in round 32
   missing player number 367 in round 32
   missing player number 2433 in round 32
   missing player number 330 in round 32
   missing player number 295 in round 32
   missing player number 304 in round 32
   missing player number 2364 in round 32
   missing player number 2435 in round 32
   missing player number 2371 in round 32
   missing player number 322 in round 32
   missing player number 375 in round 32
 Use of uninitialized value $opp_opp_number in numeric ne (!=) at ./scripts/migrate.pl line 700, <TOU_FILE> line 31925.
  missing player number 373 in round 32
   missing player number 2001 in round 33
   missing player number 343 in round 33
   missing player number 350 in round 33
   missing player number 2445 in round 33
   missing player number 382 in round 33
   missing player number 2506 in round 33
   missing player number 340 in round 33
   missing player number 2351 in round 33
   missing player number 339 in round 33
   missing player number 348 in round 33
   missing player number 2381 in round 33
   missing player number 2375 in round 33
   missing player number 282 in round 33
   missing player number 344 in round 33
   missing player number 388 in round 33
   missing player number 364 in round 33
   missing player number 326 in round 33
   missing player number 367 in round 33
   missing player number 37 in round 33
   missing player number 334 in round 33
   missing player number 2433 in round 33
   missing player number 330 in round 33
   missing player number 295 in round 33
   missing player number 304 in round 33
   missing player number 2364 in round 33
   missing player number 2435 in round 33
   missing player number 2371 in round 33
   missing player number 322 in round 33
   missing player number 375 in round 33
   missing player number 373 in round 33
   two players play player 2 in round 34
   missing player number 2001 in round 34
   missing player number 31 in round 34
   missing player number 343 in round 34
   missing player number 350 in round 34
   missing player number 2445 in round 34
   missing player number 382 in round 34
   missing player number 2506 in round 34
   missing player number 340 in round 34
   missing player number 2351 in round 34
   missing player number 339 in round 34
   missing player number 348 in round 34
   missing player number 2381 in round 34
   missing player number 2375 in round 34
   missing player number 282 in round 34
   missing player number 344 in round 34
   missing player number 2436 in round 34
   missing player number 388 in round 34
   missing player number 364 in round 34
   missing player number 326 in round 34
   missing player number 367 in round 34
   missing player number 334 in round 34
   missing player number 2433 in round 34
   missing player number 330 in round 34
   missing player number 295 in round 34
   missing player number 304 in round 34
   missing player number 2364 in round 34
   missing player number 2435 in round 34
   missing player number 2371 in round 34
   missing player number 322 in round 34
   missing player number 375 in round 34
   missing player number 373 in round 34
   missing player number 2001 in round 35
   missing player number 343 in round 35
   missing player number 350 in round 35
   missing player number 2445 in round 35
   missing player number 382 in round 35
   missing player number 2506 in round 35
   missing player number 340 in round 35
   missing player number 2351 in round 35
   missing player number 339 in round 35
   missing player number 348 in round 35
   missing player number 2381 in round 35
   missing player number 2375 in round 35
   missing player number 282 in round 35
   missing player number 344 in round 35
   missing player number 2436 in round 35
   missing player number 388 in round 35
   missing player number 364 in round 35
   missing player number 326 in round 35
   missing player number 367 in round 35
   missing player number 334 in round 35
   missing player number 2433 in round 35
   missing player number 330 in round 35
   missing player number 295 in round 35
   missing player number 304 in round 35
   missing player number 2364 in round 35
   missing player number 2435 in round 35
   missing player number 2371 in round 35
   missing player number 322 in round 35
   missing player number 375 in round 35
   missing player number 373 in round 35


ERROR:         Malformed opponent number or player score
File:          /srv/dev/aardvark/2018/GBR/mwsc2018.tou
Opp number :   2
Player score:  +31
Games played:  35
Line:          Joseph Bennett        344   5 2433 +10  373 +23 2351  32 2375 +21  330  34 2506  31  304 +27  322 +13  367  29  343  22  350 +37 2001 +38  282 +30  295  33  382  26 2371 +35 2364  36 2001 +38  340 +20  364  17  388 +25  344  15  282 +19  326 +14  375  39  340  +8 2381  35  348 +33 2435  36  339 +21 2445  32  334  37 2436 +31 2 -8 +12

WARNING:       missing or invalid games found in .tou
File:          /srv/dev/aardvark/2018/MYS/asciu15x.tou
Division:      OPEN
Errors:
   two players play player 73 in round 1
   missing player number 106 in round 1


ERROR:              opponent of opponent is not player
Files:              /srv/dev/aardvark/2018/MYS/asciu15x
Division:           OPEN
Round:              1
Player name:        Abhiraami Sivalingam
Player number:      5
Opp number:         73
Opp of opp number:  18

WARNING:       missing or invalid games found in .tou
File:          /srv/dev/aardvark/2018/PHL/phisc18.tou
Division:      A
Errors:
   missing player number 17 in round 1
   missing player number 14 in round 2
   missing player number 0 in round 3
   missing player number 0 in round 4
   missing player number 0 in round 5
   missing player number 0 in round 6
   missing player number 0 in round 7
   missing player number 0 in round 8
   missing player number 0 in round 9
   missing player number 0 in round 10
   missing player number 0 in round 11
   missing player number 0 in round 12
   missing player number 0 in round 13
   missing player number 0 in round 14
   missing player number 0 in round 15
   missing player number 0 in round 16


ERROR:              opponent of opponent is not player
Files:              /srv/dev/aardvark/2018/PHL/phisc18
Division:           A
Round:              1
Player name:        Mario Libiran
Player number:      17
Opp number:         undef
Opp of opp number:  undef

