Amnuay Ploysa..
Angelina John
Pamela Morris
Zelig Leader
Irene Lim
Vali Khubaib
Mikki Nicholson
Fareeda Akbarally
Jim Warmington
Akegapun Eripra
Akshay Bhandarkar :b
John Catto
Robin Pollock Daniel
Charae Worrapo
Jo Gracia
Suleiman Shemouna
Njihia Wagachiru
Alex Quarshie
Auka Julius
Raya Wilkinson
Duncan Keet
Mike O'Rourke
Maneerath
Jean McGiffen
Lester Schonbrun
Delia Salvina Nabila
Barbara Goodban
Karl Khoshnaw
Shanthikumar Subra
Imaad Ali
Roongroj Harinv
Sandra Morgan
Zak Suchak
David  Ng
Laurence Onyoin
Raja Fuadin Abd
Patrick Nderitu
Tammy Davids
Hilda Bennun
Lambotharan Yogan
Roy Kietzman
PM Firthows
Poh Ying Ming
Adebayo Fasubo
Salah Salih :ksa
Edgar Quioge
Debby Hossy
Brian Jones
Alexius Quarshie
Asad ul-Haq
Moizullah Baig
Marcelo Rivero
Betty Irwin
Nabilah Chalifah
Michael Akonor
Chrys Placca :gha
Rita Norr
Shirley De Silva
Selwyn Lobo :dub
Rosalind Philips
Marie Knight
Lim Sha Lyn
Kay Faust
Sam Orbaum :isr
Magwanga Onani
Di Dennis
Raja Fuadin Abdullah
Selwyn Lobo    e
Mahboob Khan :ksa
Anne Drew
Amnuay Ploysang
Pasit Teeka
Ishtiaq Chishty
Ken Nakai
Jan Serisier
Gan Yi En
Ng  Li Yuan
Glenis Hale
Jessie Lim
Pakorn Nemitrman
Dennis Omulo
Peggy Womersley
Hassan Binarshad
Roongroj Harinth
Femi Awowade :nga
Lynn Powell
Zulfiqar Ali
Gerry Moore
Mohammed Osman Ali
Liliane Servier
Mildred Wolpe
Roger Blom
Nathanel Subramaniam
Paulette Yeoh
Millie Kikech
Maxine Tsvaigrach
Steve Polatnick
Tawano Rabong
Ishaan Goshai
Nikhil Ravishanker
Thavalakshman Yogana
Dan Laurentiu
Ali Roomy: ksa
Stanley Ndungu
Mwaura Julia
Romeo Valenzuela
Amnuay Plongsang
Apithai Hemachudhaa
Denise Lebron
Direkwatana Pansub
Mohammed Firdhouse
Pete Finley
Edet Aquaisua
Marcello Lualhati:
Lester Schonbrun   s
Farida Akbarally Akbarally
Kamugisha Greens
Agi Brener
Wenya Akinyi
ong Liew Kee
Venayori Kinga
Omolo Simeon
Michael Holmes
Aurelio Cagahastian
Simon Harrinworrarob
Amnuay Ploysa
Pearl Seitz
Robert Felt
Randy Greenspan
Yaw Takyi
Nuttakit Chari
