Duplicate names in /srv/dev/aardvark/rating.dat:

$VAR1 = [
          [
            'Wasinthorn Kosanwatt',
            'Wasintorn Kosanwatta'
          ],
          [
            'Ahmad Kashful Akmal',
            'Ahmad Kashful'
          ],
          [
            'Aqila Jamil Khattak',
            'Aqila Khattak'
          ],
          [
            'Lakshmant Ian',
            'Lakhsmant Ian'
          ],
          [
            'Aditya Kuntjoro',
            'Aditya Kuntjoro Adji'
          ],
          [
            'Mary Villanueva',
            'Maria M Villanueva'
          ],
          [
            'Natthaphon Sirijamor',
            'Natthaphon Sirijamon'
          ],
          [
            'Dylan D\'Souza',
            'Daniel D\'Souza'
          ],
          [
            'Nuttapong Jaksan',
            'Nathapong Jaksan'
          ],
          [
            'Finbarr Long',
            'Finbar Long'
          ],
          [
            'Ejenakevbe Douglas',
            'Ejenas Douglas'
          ],
          [
            'Krittapat Chulaser',
            'Krittapat Chulas'
          ],
          [
            'Sahrven Kumar',
            'Sahrven Kumar Mohan'
          ],
          [
            'Maisarah Saipul Baha',
            'Maisarah Saiful B'
          ],
          [
            'Ridhi Ahuja',
            'Riddhi Ahuja'
          ],
          [
            'Andil Mushad',
            'Andhil Mushad'
          ],
          [
            'Meidy Pratama',
            'Meidy Pratama Putra'
          ],
          [
            'Wan Muhammad',
            'Wan Muhammad Akid'
          ],
          [
            'Aditya Putra Difa',
            'Aditya P Difa'
          ],
          [
            'Siti Norzulaifa',
            'Siti Norzulaifa Zili'
          ],
          [
            'Muhammad Alif Iman',
            'Muhd Alif Iman'
          ],
          [
            'Rosaleen Rogers',
            'Rosaleen Rodgers'
          ],
          [
            'Willy Nwabor',
            'Will Nwabor'
          ],
          [
            'Sorraaut Ueasamritti',
            'Sorraaut Uesamritti'
          ],
          [
            'Kathir Bhaskaran',
            'Kathirgama Bhaskaran'
          ],
          [
            'Bharath Balakrishnan',
            'Bharath Balakrishna'
          ],
          [
            'Christime Nyamoita',
            'Christine Nyamoita'
          ],
          [
            'Mahd Ahmed',
            'Mahad Ahmed'
          ],
          [
            'Aishah Safiyyah',
            'Aishah Saffiyah'
          ],
          [
            'Imtiazuddin Ahmed',
            'Imtiaz Ahmed'
          ],
          [
            'Hazwan Thaqif Mohd',
            'Hazwan Thaqif M A R'
          ],
          [
            'Esomchukwu Kemakolam',
            'Esom Kemakolam'
          ],
          [
            'Peninah Gakuiya',
            'Penina Gakuiya'
          ],
          [
            'Onwara Visavakul',
            'Orwara Visavakul'
          ],
          [
            'Ahmad Badruddin Md F',
            'Ahmad Badruddin Mohd'
          ],
          [
            'Nida Tanweer',
            'Nida Tanveer'
          ]
        ];


Incorrect true name mappings:

$VAR1 = [
          'Wasintorn Kosanwatta',
          'Zahid Sachak',
          'Ahmad Kashful',
          'Aqila Khattak',
          'Lakhsmant Ian',
          'Aditya Kuntjoro Adji',
          'Maria M Villanueva',
          'Zulfiqar Ali Hakeem',
          'Nikhil Ravishankar',
          'Natthaphon Sirijamon',
          'Daniel D\'Souza',
          'Nathapong Jaksan',
          'Finbar Long',
          'Ejenas Douglas',
          'Krittapat Chulas',
          'Sahrven Kumar Mohan',
          'Maisarah Saiful B',
          'Riddhi Ahuja',
          'Andhil Mushad',
          'Meidy Pratama Putra',
          'Wan Muhammad Akid',
          'Aditya P Difa',
          'Siti Norzulaifa Zili',
          'Muhd Alif Iman',
          'Rosaleen Rodgers',
          'Will Nwabor',
          'Sorraaut Uesamritti',
          'Osman Ali Khan',
          'Kathirgama Bhaskaran',
          'Bharath Balakrishna',
          'Christine Nyamoita',
          'Mahad Ahmed',
          'Aishah Saffiyah',
          'Imtiaz Ahmed',
          'Hazwan Thaqif M A R',
          'Esom Kemakolam',
          'Penina Gakuiya',
          'Orwara Visavakul',
          'Ahmad Badruddin Mohd',
          'Nida Tanveer'
        ];
