36 lines were removed:

Line 731:  EDOU NGA Ejenas Douglas         44 1632 20161204
Line 1825: FLON IRE Finbar Long            14 1225 20160529
Line 1896: PGAK KEN Penina Gakuiya          0 1200 20171109
Line 1897: CNYA KEN Christime Nyamoita      0 1200 20171109
Line 2123: WNWA CAN Will Nwabor            29 1127 20150719
Line 2229: KCHU THA Krittapat Chulaser     30 1096 20181014
Line 2252: KBHA BHR Kathir Bhaskaran       37 1091 20040109
Line 2285: AP   IDN Aditya P Difa          19 1081 20171126
Line 2323: AKUN IDN Aditya Kuntjoro Adji   39 1070 20171129
Line 2525: IAHM BHR Imtiaz Ahmed           51 1017 20090606
Line 2843: WKOS THA Wasintorn Kosanwatta   44  921 20181014
Line 2891: BBAL IND Bharath Balakrishna    85  908 20160117
Line 2939: MPRA IDN Meidy Pratama Putra    50  891 20180212
Line 3092: ASAF MYS Aishah Safiyyah        13  845 20170409
Line 3129: AJAM PAK Aqila Jamil Khattak   109  830 20130714
Line 3255: MSAI MYS Maisarah Saipul Baha   15  791 20170409
Line 3285: LIAN MYS Lakhsmant Ian          37  783 20171129
Line 3551: OVIS THA Orwara Visavakul       43  698 20151129
Line 3573: RROD IRE Rosaleen Rodgers       14  694 20160529
Line 3601: WMUH MYS Wan Muhammad           44  689 20111130
Line 3867: NJAK MYS Nathapong Jaksan       30  592 20121216
Line 3936: DD'S QAT Daniel D'Souza         24  569 20091210
Line 4063: MALI MYS Muhd Alif Iman         99  524 20160829
Line 4309: AKAS MYS Ahmad Kashful          13  439 20180401
Line 4385: SUES THA Sorraaut Uesamritti    24  412 20151102
Line 4583: HTHA MYS Hazwan Thaqif M A R    15  326 20170409
Line 4598: MAHM PAK Mahad Ahmed            45  322 20170814
Line 4680: MM   PHL Maria M Villanueva     28  300 20130714
Line 4711: NTAN KWT Nida Tanveer           24  300 20090705
Line 4758: EKEM NGA Esom Kemakolam         23  300 20160829
Line 4777: RAHU IND Riddhi Ahuja           22  300 20160724
Line 4824: ABAD MYS Ahmad Badruddin Md F   15  300 20170409
Line 4835: SKUM MYS Sahrven Kumar Mohan    15  300 20170409
Line 4843: NSIR THA Natthaphon Sirijamon   15  300 20171126
Line 4974: SNOR MYS Siti Norzulaifa Zili   12  300 20170409
Line 5063: AMUS QAT Andhil Mushad           6  300 20131211
